{"timestamp":"2025-10-06T04:28:28.047318","level":"info","event":"DAG bundles loaded: dags-folder","logger":"airflow.dag_processing.bundles.manager.DagBundlesManager"}
{"timestamp":"2025-10-06T04:28:28.048295","level":"info","event":"Filling up the DagBag from /opt/airflow/dags/IA_SIP_Ingest_Dag.py","logger":"airflow.models.dagbag.DagBag"}
{"timestamp":"2025-10-06T04:28:28.154740Z","level":"info","event":"[DEBUG] Running command: \"/opt/airflow/scripts/iashell/bin/iashell.sh\" script \"/opt/airflow/data/output/install-CreditCardStatementsArchive.iashell\"","chan":"stdout","logger":"task"}
{"timestamp":"2025-10-06T04:28:28.156191Z","level":"info","event":"[IAShell STDOUT] checking from IAShell script directly","chan":"stdout","logger":"task"}
{"timestamp":"2025-10-06T04:28:28.156796Z","level":"info","event":"[IAShell STDOUT] /opt/java/temurin-21","chan":"stdout","logger":"task"}
{"timestamp":"2025-10-06T04:28:28.157318Z","level":"info","event":"[IAShell STDOUT] /opt/maven/bin:/opt/java/temurin-21/bin:/root/bin:/home/airflow/.local/bin:/usr/local/bin:/usr/local/sbin:/usr/local/bin:/usr/sbin:/usr/bin:/sbin:/bin","chan":"stdout","logger":"task"}
{"timestamp":"2025-10-06T04:28:38.175096Z","level":"info","event":"[IAShell STDOUT] Welcome to OpenText Information Archive 25.2 command line client (c) OpenText Corporation","chan":"stdout","logger":"task"}
{"timestamp":"2025-10-06T04:28:38.176240Z","level":"info","event":"[IAShell STDOUT] Type 'help' for a list of commands and options, type 'exit' to leave the shell.","chan":"stdout","logger":"task"}
{"timestamp":"2025-10-06T04:28:38.176848Z","level":"info","event":"[IAShell STDOUT]","chan":"stdout","logger":"task"}
{"timestamp":"2025-10-06T04:29:28.649215Z","level":"info","event":"[IAShell STDOUT] Connected to \"http://10.73.91.23:8080/restapi/services\" as sue@iacustomer.com","chan":"stdout","logger":"task"}
{"timestamp":"2025-10-06T04:29:30.316712Z","level":"info","event":"[IAShell STDOUT] Start Ingest at [2025-10-06 04:29:28]","chan":"stdout","logger":"task"}
{"timestamp":"2025-10-06T04:29:30.317456Z","level":"info","event":"[IAShell STDOUT]   Uploading file through gateway: /opt/airflow/data/sipzips/creditcardholding_0-4455eb0b-26eb-467f-bd8a-bd59336c2e48.zip with size 38.03 KB.","chan":"stdout","logger":"task"}
{"timestamp":"2025-10-06T04:29:32.918038Z","level":"info","event":"[IAShell STDOUT]   [2025-10-06 04:29:32] Uploaded 38.03 KB.   Ingested 'creditcardholding_0-4455eb0b-26eb-467f-bd8a-bd59336c2e48.zip'. AIP id is '1ac9cb5b-202a-4c35-b7a5-14c5156db959'. It took 2.267 seconds.","chan":"stdout","logger":"task"}
{"timestamp":"2025-10-06T04:29:32.933989Z","level":"info","event":"[IAShell STDOUT]   Uploading file through gateway: /opt/airflow/data/sipzips/creditcardholding_1-ae093691-f65e-4859-8295-b370b100ea4b.zip with size 626.44 KB.","chan":"stdout","logger":"task"}
{"timestamp":"2025-10-06T04:31:28.825616Z","level":"info","event":"[IAShell STDOUT]   [2025-10-06 04:31:28] Uploaded 626.44 KB.   Ingested 'creditcardholding_1-ae093691-f65e-4859-8295-b370b100ea4b.zip'. AIP id is '4a5b9efd-b109-4e2d-bea9-2cd7577bd4d9'. It took 1 minute 56 seconds.","chan":"stdout","logger":"task"}
{"timestamp":"2025-10-06T04:31:28.847643Z","level":"info","event":"[IAShell STDOUT]   Uploading file through gateway: /opt/airflow/data/sipzips/creditcardholding_2-24400156-260a-454c-9d26-ec7a746ddfcc.zip with size 37.47 KB.","chan":"stdout","logger":"task"}
{"timestamp":"2025-10-06T04:31:29.960702Z","level":"info","event":"[IAShell STDOUT]   [2025-10-06 04:31:29] Uploaded 37.47 KB.   Ingested 'creditcardholding_2-24400156-260a-454c-9d26-ec7a746ddfcc.zip'. AIP id is '82f0696b-c101-496f-bbd3-541d17da349b'. It took 1.92 second.","chan":"stdout","logger":"task"}
{"timestamp":"2025-10-06T04:31:29.964427Z","level":"info","event":"[IAShell STDOUT]   Uploading file through gateway: /opt/airflow/data/sipzips/creditcardholding_3-c073bea9-4216-4e21-95b0-fdf299e0a3f2.zip with size 17.50 KB.","chan":"stdout","logger":"task"}
{"timestamp":"2025-10-06T04:31:30.851092Z","level":"info","event":"[IAShell STDOUT]   [2025-10-06 04:31:30] Uploaded 17.50 KB.   Ingested 'creditcardholding_3-c073bea9-4216-4e21-95b0-fdf299e0a3f2.zip'. AIP id is 'ced6a46c-232d-46f5-a5f0-65c942d94afd'. It took 0.894 seconds.","chan":"stdout","logger":"task"}
{"timestamp":"2025-10-06T04:31:30.864017Z","level":"info","event":"[IAShell STDOUT]","chan":"stdout","logger":"task"}
{"timestamp":"2025-10-06T04:31:30.870438Z","level":"info","event":"[IAShell STDOUT]","chan":"stdout","logger":"task"}
{"timestamp":"2025-10-06T04:31:30.873547Z","level":"info","event":"[IAShell STDOUT]   Summary: 4/4 file(s) processed successfully.","chan":"stdout","logger":"task"}
{"timestamp":"2025-10-06T04:31:30.874466Z","level":"info","event":"[IAShell STDOUT] OK","chan":"stdout","logger":"task"}
{"timestamp":"2025-10-06T04:31:30.877048Z","level":"info","event":"[IAShell STDOUT] End Ingest at [2025-10-06 04:31:30]","chan":"stdout","logger":"task"}
{"timestamp":"2025-10-06T04:31:30.882174Z","level":"info","event":"[IAShell STDOUT] Ingest took 2 minutes 2 seconds","chan":"stdout","logger":"task"}
{"timestamp":"2025-10-06T04:31:30.883641Z","level":"info","event":"[IAShell STDOUT]","chan":"stdout","logger":"task"}
{"timestamp":"2025-10-06T04:31:31.621239","level":"info","event":"Done. Returned value was: IAShell completed successfully.","logger":"airflow.task.operators.airflow.providers.standard.decorators.python._PythonDecoratedOperator"}
{"timestamp":"2025-10-06T04:31:31.650642","level":"info","event":"Pushing xcom","ti":"RuntimeTaskInstance(id=UUID('0199b7c7-26af-7034-95c1-72fcc8382911'), task_id='run_iashell', dag_id='IA_SIP_Ingest_Dag', run_id='manual__2025-10-06T04:28:26.136599+00:00', try_number=1, map_index=-1, hostname='c5f695e165db', context_carrier={}, task=<Task(_PythonDecoratedOperator): run_iashell>, bundle_instance=LocalDagBundle(name=dags-folder), max_tries=1, start_date=datetime.datetime(2025, 10, 6, 4, 28, 27, 806143, tzinfo=TzInfo(UTC)), end_date=None, state=<TaskInstanceState.RUNNING: 'running'>, is_mapped=False, rendered_map_index=None)","logger":"task"}
