{"timestamp":"2025-11-06T10:41:37.548279","level":"info","event":"DAG bundles loaded: dags-folder","logger":"airflow.dag_processing.bundles.manager.DagBundlesManager"}
{"timestamp":"2025-11-06T10:41:37.549074","level":"info","event":"Filling up the DagBag from /opt/airflow/dags/IA_SIP_Ingest_Dag.py","logger":"airflow.models.dagbag.DagBag"}
{"timestamp":"2025-11-06T10:41:37.724100Z","level":"info","event":"[DEBUG] Running command: \"/opt/airflow/scripts/iashell/bin/iashell.sh\" script \"/opt/airflow/data/output/install-CreditCardStatementsArchive.iashell\"","chan":"stdout","logger":"task"}
{"timestamp":"2025-11-06T10:41:37.724874Z","level":"info","event":"[IAShell STDOUT] checking from IAShell script directly","chan":"stdout","logger":"task"}
{"timestamp":"2025-11-06T10:41:37.725291Z","level":"info","event":"[IAShell STDOUT] /opt/java/temurin-21","chan":"stdout","logger":"task"}
{"timestamp":"2025-11-06T10:41:37.726121Z","level":"info","event":"[IAShell STDOUT] /opt/maven/bin:/opt/java/temurin-21/bin:/root/bin:/home/airflow/.local/bin:/usr/local/bin:/usr/local/sbin:/usr/local/bin:/usr/sbin:/usr/bin:/sbin:/bin","chan":"stdout","logger":"task"}
{"timestamp":"2025-11-06T10:41:46.302541Z","level":"info","event":"[IAShell STDOUT] Welcome to OpenText Information Archive 25.2 command line client (c) OpenText Corporation","chan":"stdout","logger":"task"}
{"timestamp":"2025-11-06T10:41:46.303406Z","level":"info","event":"[IAShell STDOUT] Type 'help' for a list of commands and options, type 'exit' to leave the shell.","chan":"stdout","logger":"task"}
{"timestamp":"2025-11-06T10:41:46.303930Z","level":"info","event":"[IAShell STDOUT]","chan":"stdout","logger":"task"}
{"timestamp":"2025-11-06T10:42:59.662736Z","level":"info","event":"[IAShell STDOUT] Connected to \"http://10.73.91.23:8080/restapi/services\" as sue@iacustomer.com","chan":"stdout","logger":"task"}
{"timestamp":"2025-11-06T10:43:02.664675Z","level":"info","event":"[IAShell STDOUT] Start Ingest at [2025-11-06 10:42:59]","chan":"stdout","logger":"task"}
{"timestamp":"2025-11-06T10:43:02.674300Z","level":"info","event":"[IAShell STDOUT]   Uploading file through gateway: /opt/airflow/data/sipzips/creditcardholding_0-3ca2281b-9d6e-49a6-b964-6a688c9cbdd2.zip with size 36.53 KB.","chan":"stdout","logger":"task"}
{"timestamp":"2025-11-06T10:43:05.909699Z","level":"info","event":"[IAShell STDOUT]   [2025-11-06 10:43:05] Uploaded 36.53 KB.   Ingested 'creditcardholding_0-3ca2281b-9d6e-49a6-b964-6a688c9cbdd2.zip'. AIP id is 'b1b72a8b-01e6-4a11-848e-9a4733587ce2'. It took 2.992 seconds.","chan":"stdout","logger":"task"}
{"timestamp":"2025-11-06T10:43:06.034908Z","level":"info","event":"[IAShell STDOUT]","chan":"stdout","logger":"task"}
{"timestamp":"2025-11-06T10:43:06.048430Z","level":"info","event":"[IAShell STDOUT]","chan":"stdout","logger":"task"}
{"timestamp":"2025-11-06T10:43:06.101848Z","level":"info","event":"[IAShell STDOUT]   Summary: 1/1 file(s) processed successfully.","chan":"stdout","logger":"task"}
{"timestamp":"2025-11-06T10:43:06.120488Z","level":"info","event":"[IAShell STDOUT] OK","chan":"stdout","logger":"task"}
{"timestamp":"2025-11-06T10:43:06.123528Z","level":"info","event":"[IAShell STDOUT] End Ingest at [2025-11-06 10:43:05]","chan":"stdout","logger":"task"}
{"timestamp":"2025-11-06T10:43:06.124387Z","level":"info","event":"[IAShell STDOUT] Ingest took 6.174 seconds","chan":"stdout","logger":"task"}
{"timestamp":"2025-11-06T10:43:06.124960Z","level":"info","event":"[IAShell STDOUT]","chan":"stdout","logger":"task"}
{"timestamp":"2025-11-06T10:43:06.771100","level":"info","event":"Done. Returned value was: IAShell completed successfully.","logger":"airflow.task.operators.airflow.providers.standard.decorators.python._PythonDecoratedOperator"}
{"timestamp":"2025-11-06T10:43:06.781607","level":"info","event":"Pushing xcom","ti":"RuntimeTaskInstance(id=UUID('019a58c1-e51e-7bad-b2c5-a939f11cf588'), task_id='run_iashell', dag_id='IA_SIP_Ingest_Dag', run_id='manual_1762425693427', try_number=1, map_index=-1, hostname='c488275c2d21', context_carrier={}, task=<Task(_PythonDecoratedOperator): run_iashell>, bundle_instance=LocalDagBundle(name=dags-folder), max_tries=1, start_date=datetime.datetime(2025, 11, 6, 10, 41, 37, 31803, tzinfo=TzInfo(UTC)), end_date=None, state=<TaskInstanceState.RUNNING: 'running'>, is_mapped=False, rendered_map_index=None)","logger":"task"}
