{"timestamp":"2025-10-06T04:05:29.638395","level":"info","event":"DAG bundles loaded: dags-folder","logger":"airflow.dag_processing.bundles.manager.DagBundlesManager"}
{"timestamp":"2025-10-06T04:05:29.639484","level":"info","event":"Filling up the DagBag from /opt/airflow/dags/IA_Generate_Master_Sip.py","logger":"airflow.models.dagbag.DagBag"}
{"timestamp":"2025-10-06T04:05:31.556814Z","level":"info","event":"Attachments to add: {'transaction_CUST000034.pdf', 'transaction_CUST000045.pdf', 'transaction_CUST000007.pdf', 'transaction_CUST000021.pdf', 'transaction_CUST000014.pdf', 'transaction_CUST000049.pdf', 'transaction_CUST000016.pdf', 'transaction_CUST000036.pdf', 'transaction_CUST000025.pdf', 'transaction_CUST000003.pdf', 'transaction_CUST000029.pdf', 'transaction_CUST000015.pdf', 'transaction_CUST000035.pdf', 'transaction_CUST000002.pdf', 'transaction_CUST000008.pdf', 'transaction_CUST000001.pdf', 'transaction_CUST000006.pdf', 'transaction_CUST000042.pdf', 'transaction_CUST000024.pdf', 'transaction_CUST000026.pdf', 'transaction_CUST000043.pdf', 'transaction_CUST000044.pdf', 'transaction_CUST000030.pdf', 'transaction_CUST000005.pdf', 'transaction_CUST000033.pdf', 'transaction_CUST000009.pdf', 'transaction_CUST000020.pdf', 'transaction_CUST000017.pdf', 'transaction_CUST000040.pdf', 'transaction_CUST000027.pdf', 'transaction_CUST000037.pdf', 'transaction_CUST000013.pdf', 'transaction_CUST000022.pdf', 'transaction_CUST000047.pdf', 'transaction_CUST000039.pdf', 'transaction_CUST000023.pdf', 'transaction_CUST000046.pdf', 'transaction_CUST000004.pdf', 'transaction_CUST000019.pdf', 'transaction_CUST000018.pdf', 'transaction_CUST000038.pdf', 'transaction_CUST000012.pdf', 'transaction_CUST000031.pdf', 'transaction_CUST000011.pdf', 'transaction_CUST000032.pdf', 'transaction_CUST000028.pdf', 'transaction_CUST000048.pdf', 'transaction_CUST000050.pdf', 'transaction_CUST000041.pdf', 'transaction_CUST000010.pdf'}","chan":"stdout","logger":"task"}
{"timestamp":"2025-10-06T04:05:33.513159Z","level":"info","event":"[STUDY] Total records: 50","chan":"stdout","logger":"task"}
{"timestamp":"2025-10-06T04:05:33.519874Z","level":"info","event":"[STUDY] Total unique attachments: 50","chan":"stdout","logger":"task"}
{"timestamp":"2025-10-06T04:05:33.526858Z","level":"info","event":"[STUDY] Total attachment size: 626810 KB","chan":"stdout","logger":"task"}
{"timestamp":"2025-10-06T04:05:35.995092Z","level":"info","event":"[CLUSTER] Total SIPs to create: 4","chan":"stdout","logger":"task"}
{"timestamp":"2025-10-06T04:05:36.533043Z","level":"info","event":"[DEBUG] child_element value: Record","chan":"stdout","logger":"task"}
{"timestamp":"2025-10-06T04:05:36.562908Z","level":"info","event":"[DEBUG] Found 20 elements for tag 'Record' with search_tag './/ns:Record' and ns {'ns': 'urn:eas-samples:en:xsd:creditcardholding.1.0'}","chan":"stdout","logger":"task"}
{"timestamp":"2025-10-06T04:05:37.283884Z","level":"info","event":"✅ PDI XML validation result: True","chan":"stdout","logger":"task"}
{"timestamp":"2025-10-06T04:05:37.290999Z","level":"info","event":"Attachments to add: {'transaction_CUST000007.pdf', 'transaction_CUST000014.pdf', 'transaction_CUST000016.pdf', 'transaction_CUST000003.pdf', 'transaction_CUST000015.pdf', 'transaction_CUST000002.pdf', 'transaction_CUST000008.pdf', 'transaction_CUST000001.pdf', 'transaction_CUST000006.pdf', 'transaction_CUST000005.pdf', 'transaction_CUST000009.pdf', 'transaction_CUST000020.pdf', 'transaction_CUST000017.pdf', 'transaction_CUST000013.pdf', 'transaction_CUST000004.pdf', 'transaction_CUST000019.pdf', 'transaction_CUST000018.pdf', 'transaction_CUST000012.pdf', 'transaction_CUST000011.pdf', 'transaction_CUST000010.pdf'}","chan":"stdout","logger":"task"}
{"timestamp":"2025-10-06T04:05:37.391356Z","level":"info","event":"✅ XML written to ./data/output/sip_0_tmp/eas_sip.xml","chan":"stdout","logger":"task"}
{"timestamp":"2025-10-06T04:05:38.565930Z","level":"info","event":"✅ SIP ZIP created: ./data/sipzips/creditcardholding_0-4455eb0b-26eb-467f-bd8a-bd59336c2e48.zip (0.06 MB)","chan":"stdout","logger":"task"}
{"timestamp":"2025-10-06T04:05:38.578571Z","level":"info","event":"[CLUSTER] SIP 0 size: 37 KB, records: 20","chan":"stdout","logger":"task"}
{"timestamp":"2025-10-06T04:06:04.688788Z","level":"info","event":"[DEBUG] child_element value: Record","chan":"stdout","logger":"task"}
{"timestamp":"2025-10-06T04:06:04.693193Z","level":"info","event":"[DEBUG] Found 1 elements for tag 'Record' with search_tag './/ns:Record' and ns {'ns': 'urn:eas-samples:en:xsd:creditcardholding.1.0'}","chan":"stdout","logger":"task"}
{"timestamp":"2025-10-06T04:06:04.725398Z","level":"info","event":"✅ PDI XML validation result: True","chan":"stdout","logger":"task"}
{"timestamp":"2025-10-06T04:06:04.726810Z","level":"info","event":"Attachments to add: {'transaction_CUST000021.pdf'}","chan":"stdout","logger":"task"}
{"timestamp":"2025-10-06T04:06:04.748996Z","level":"info","event":"✅ XML written to ./data/output/sip_1_tmp/eas_sip.xml","chan":"stdout","logger":"task"}
{"timestamp":"2025-10-06T04:07:33.597990Z","level":"info","event":"✅ SIP ZIP created: ./data/sipzips/creditcardholding_1-ae093691-f65e-4859-8295-b370b100ea4b.zip (612.00 MB)","chan":"stdout","logger":"task"}
{"timestamp":"2025-10-06T04:07:33.606664Z","level":"info","event":"[CLUSTER] SIP 1 size: 611 KB, records: 1","chan":"stdout","logger":"task"}
{"timestamp":"2025-10-06T04:07:33.968743Z","level":"info","event":"[DEBUG] child_element value: Record","chan":"stdout","logger":"task"}
{"timestamp":"2025-10-06T04:07:33.984873Z","level":"info","event":"[DEBUG] Found 20 elements for tag 'Record' with search_tag './/ns:Record' and ns {'ns': 'urn:eas-samples:en:xsd:creditcardholding.1.0'}","chan":"stdout","logger":"task"}
{"timestamp":"2025-10-06T04:07:34.027040Z","level":"info","event":"✅ PDI XML validation result: True","chan":"stdout","logger":"task"}
{"timestamp":"2025-10-06T04:07:34.027532Z","level":"info","event":"Attachments to add: {'transaction_CUST000034.pdf', 'transaction_CUST000036.pdf', 'transaction_CUST000025.pdf', 'transaction_CUST000029.pdf', 'transaction_CUST000035.pdf', 'transaction_CUST000024.pdf', 'transaction_CUST000026.pdf', 'transaction_CUST000030.pdf', 'transaction_CUST000033.pdf', 'transaction_CUST000040.pdf', 'transaction_CUST000027.pdf', 'transaction_CUST000037.pdf', 'transaction_CUST000022.pdf', 'transaction_CUST000039.pdf', 'transaction_CUST000023.pdf', 'transaction_CUST000038.pdf', 'transaction_CUST000031.pdf', 'transaction_CUST000032.pdf', 'transaction_CUST000028.pdf', 'transaction_CUST000041.pdf'}","chan":"stdout","logger":"task"}
{"timestamp":"2025-10-06T04:07:34.043982Z","level":"info","event":"✅ XML written to ./data/output/sip_2_tmp/eas_sip.xml","chan":"stdout","logger":"task"}
{"timestamp":"2025-10-06T04:07:35.127972Z","level":"info","event":"✅ SIP ZIP created: ./data/sipzips/creditcardholding_2-24400156-260a-454c-9d26-ec7a746ddfcc.zip (0.06 MB)","chan":"stdout","logger":"task"}
{"timestamp":"2025-10-06T04:07:35.138107Z","level":"info","event":"[CLUSTER] SIP 2 size: 36 KB, records: 20","chan":"stdout","logger":"task"}
{"timestamp":"2025-10-06T04:07:35.616352Z","level":"info","event":"[DEBUG] child_element value: Record","chan":"stdout","logger":"task"}
{"timestamp":"2025-10-06T04:07:35.654349Z","level":"info","event":"[DEBUG] Found 9 elements for tag 'Record' with search_tag './/ns:Record' and ns {'ns': 'urn:eas-samples:en:xsd:creditcardholding.1.0'}","chan":"stdout","logger":"task"}
{"timestamp":"2025-10-06T04:07:35.732192Z","level":"info","event":"✅ PDI XML validation result: True","chan":"stdout","logger":"task"}
{"timestamp":"2025-10-06T04:07:35.746964Z","level":"info","event":"Attachments to add: {'transaction_CUST000050.pdf', 'transaction_CUST000046.pdf', 'transaction_CUST000045.pdf', 'transaction_CUST000043.pdf', 'transaction_CUST000048.pdf', 'transaction_CUST000049.pdf', 'transaction_CUST000047.pdf', 'transaction_CUST000042.pdf', 'transaction_CUST000044.pdf'}","chan":"stdout","logger":"task"}
{"timestamp":"2025-10-06T04:07:35.773481Z","level":"info","event":"✅ XML written to ./data/output/sip_3_tmp/eas_sip.xml","chan":"stdout","logger":"task"}
{"timestamp":"2025-10-06T04:07:36.099027Z","level":"info","event":"✅ SIP ZIP created: ./data/sipzips/creditcardholding_3-c073bea9-4216-4e21-95b0-fdf299e0a3f2.zip (0.03 MB)","chan":"stdout","logger":"task"}
{"timestamp":"2025-10-06T04:07:36.099516Z","level":"info","event":"[CLUSTER] SIP 3 size: 17 KB, records: 9","chan":"stdout","logger":"task"}
{"timestamp":"2025-10-06T04:07:36.174647","level":"info","event":"Done. Returned value was: ['./data/sipzips/creditcardholding_0-4455eb0b-26eb-467f-bd8a-bd59336c2e48.zip', './data/sipzips/creditcardholding_1-ae093691-f65e-4859-8295-b370b100ea4b.zip', './data/sipzips/creditcardholding_2-24400156-260a-454c-9d26-ec7a746ddfcc.zip', './data/sipzips/creditcardholding_3-c073bea9-4216-4e21-95b0-fdf299e0a3f2.zip']","logger":"airflow.task.operators.airflow.providers.standard.decorators.python._PythonDecoratedOperator"}
{"timestamp":"2025-10-06T04:07:36.207590","level":"info","event":"Pushing xcom","ti":"RuntimeTaskInstance(id=UUID('0199b7b1-f1b5-7358-8175-1212e776bc6f'), task_id='package_sips', dag_id='IA_Generate_Master_Sip', run_id='manual_1759723516117', try_number=1, map_index=-1, hostname='c5f695e165db', context_carrier={}, task=<Task(_PythonDecoratedOperator): package_sips>, bundle_instance=LocalDagBundle(name=dags-folder), max_tries=0, start_date=datetime.datetime(2025, 10, 6, 4, 5, 20, 583866, tzinfo=TzInfo(UTC)), end_date=None, state=<TaskInstanceState.RUNNING: 'running'>, is_mapped=False, rendered_map_index=None)","logger":"task"}
