{"timestamp":"2025-11-05T08:29:38.755945","level":"info","event":"DAG bundles loaded: dags-folder","logger":"airflow.dag_processing.bundles.manager.DagBundlesManager"}
{"timestamp":"2025-11-05T08:29:38.760966","level":"info","event":"Filling up the DagBag from /opt/airflow/dags/IA_Generate_Master_Sip.py","logger":"airflow.models.dagbag.DagBag"}
{"timestamp":"2025-11-05T08:29:39.386950Z","level":"info","event":"Attachments to add: {'transaction_CUST000005.pdf', 'transaction_CUST000036.pdf', 'transaction_CUST000008.pdf', 'transaction_CUST000001.pdf', 'transaction_CUST000033.pdf', 'transaction_CUST000037.pdf', 'transaction_CUST000034.pdf', 'transaction_CUST000002.pdf', 'transaction_CUST000012.pdf', 'transaction_CUST000010.pdf', 'transaction_CUST000021.pdf', 'transaction_CUST000050.pdf', 'transaction_CUST000023.pdf', 'transaction_CUST000045.pdf', 'transaction_CUST000041.pdf', 'transaction_CUST000047.pdf', 'transaction_CUST000030.pdf', 'transaction_CUST000043.pdf', 'transaction_CUST000009.pdf', 'transaction_CUST000044.pdf', 'transaction_CUST000015.pdf', 'transaction_CUST000013.pdf', 'transaction_CUST000029.pdf', 'transaction_CUST000042.pdf', 'transaction_CUST000006.pdf', 'transaction_CUST000003.pdf', 'transaction_CUST000011.pdf', 'transaction_CUST000016.pdf', 'transaction_CUST000038.pdf', 'transaction_CUST000026.pdf', 'transaction_CUST000035.pdf', 'transaction_CUST000019.pdf', 'transaction_CUST000025.pdf', 'transaction_CUST000028.pdf', 'transaction_CUST000032.pdf', 'transaction_CUST000046.pdf', 'transaction_CUST000007.pdf', 'transaction_CUST000014.pdf', 'transaction_CUST000022.pdf', 'transaction_CUST000017.pdf', 'transaction_CUST000024.pdf', 'transaction_CUST000040.pdf', 'transaction_CUST000049.pdf', 'transaction_CUST000018.pdf', 'transaction_CUST000020.pdf', 'transaction_CUST000004.pdf', 'transaction_CUST000039.pdf', 'transaction_CUST000027.pdf', 'transaction_CUST000048.pdf', 'transaction_CUST000031.pdf'}","chan":"stdout","logger":"task"}
{"timestamp":"2025-11-05T08:29:39.565940Z","level":"info","event":"[STUDY] Total records: 50","chan":"stdout","logger":"task"}
{"timestamp":"2025-11-05T08:29:39.566561Z","level":"info","event":"[STUDY] Total unique attachments: 50","chan":"stdout","logger":"task"}
{"timestamp":"2025-11-05T08:29:39.567229Z","level":"info","event":"[STUDY] Total attachment size: 626810 KB","chan":"stdout","logger":"task"}
{"timestamp":"2025-11-05T08:29:39.974356Z","level":"info","event":"[CLUSTER] Total SIPs to create: 4","chan":"stdout","logger":"task"}
{"timestamp":"2025-11-05T08:29:40.297695Z","level":"info","event":"[DEBUG] child_element value: Record","chan":"stdout","logger":"task"}
{"timestamp":"2025-11-05T08:29:40.308769Z","level":"info","event":"[DEBUG] Found 20 elements for tag 'Record' with search_tag './/ns:Record' and ns {'ns': 'urn:eas-samples:en:xsd:creditcardholding.1.0'}","chan":"stdout","logger":"task"}
{"timestamp":"2025-11-05T08:29:40.545533Z","level":"info","event":"✅ PDI XML validation result: True","chan":"stdout","logger":"task"}
{"timestamp":"2025-11-05T08:29:40.546699Z","level":"info","event":"Attachments to add: {'transaction_CUST000005.pdf', 'transaction_CUST000008.pdf', 'transaction_CUST000001.pdf', 'transaction_CUST000002.pdf', 'transaction_CUST000012.pdf', 'transaction_CUST000010.pdf', 'transaction_CUST000009.pdf', 'transaction_CUST000015.pdf', 'transaction_CUST000013.pdf', 'transaction_CUST000006.pdf', 'transaction_CUST000003.pdf', 'transaction_CUST000011.pdf', 'transaction_CUST000016.pdf', 'transaction_CUST000019.pdf', 'transaction_CUST000007.pdf', 'transaction_CUST000014.pdf', 'transaction_CUST000017.pdf', 'transaction_CUST000018.pdf', 'transaction_CUST000020.pdf', 'transaction_CUST000004.pdf'}","chan":"stdout","logger":"task"}
{"timestamp":"2025-11-05T08:29:40.567643Z","level":"info","event":"✅ XML written to ./data/output/sip_0_tmp/eas_sip.xml","chan":"stdout","logger":"task"}
{"timestamp":"2025-11-05T08:29:41.032995Z","level":"info","event":"✅ SIP ZIP created: ./data/sipzips/creditcardholding_0-29ee97e1-b8af-4eeb-8c1a-5f33b7ed3a25.zip (0.06 MB)","chan":"stdout","logger":"task"}
{"timestamp":"2025-11-05T08:29:41.037204Z","level":"info","event":"[CLUSTER] SIP 0 size: 37 KB, records: 20","chan":"stdout","logger":"task"}
{"timestamp":"2025-11-05T08:29:56.053310Z","level":"info","event":"[DEBUG] child_element value: Record","chan":"stdout","logger":"task"}
{"timestamp":"2025-11-05T08:29:56.065139Z","level":"info","event":"[DEBUG] Found 1 elements for tag 'Record' with search_tag './/ns:Record' and ns {'ns': 'urn:eas-samples:en:xsd:creditcardholding.1.0'}","chan":"stdout","logger":"task"}
{"timestamp":"2025-11-05T08:29:56.109520Z","level":"info","event":"✅ PDI XML validation result: True","chan":"stdout","logger":"task"}
{"timestamp":"2025-11-05T08:29:56.110002Z","level":"info","event":"Attachments to add: {'transaction_CUST000021.pdf'}","chan":"stdout","logger":"task"}
{"timestamp":"2025-11-05T08:29:56.122449Z","level":"info","event":"✅ XML written to ./data/output/sip_1_tmp/eas_sip.xml","chan":"stdout","logger":"task"}
{"timestamp":"2025-11-05T08:31:14.292075Z","level":"info","event":"✅ SIP ZIP created: ./data/sipzips/creditcardholding_1-a23d1039-7beb-4d6e-910a-4cb91328b32b.zip (612.00 MB)","chan":"stdout","logger":"task"}
{"timestamp":"2025-11-05T08:31:14.296683Z","level":"info","event":"[CLUSTER] SIP 1 size: 611 KB, records: 1","chan":"stdout","logger":"task"}
{"timestamp":"2025-11-05T08:31:14.555795Z","level":"info","event":"[DEBUG] child_element value: Record","chan":"stdout","logger":"task"}
{"timestamp":"2025-11-05T08:31:14.569269Z","level":"info","event":"[DEBUG] Found 20 elements for tag 'Record' with search_tag './/ns:Record' and ns {'ns': 'urn:eas-samples:en:xsd:creditcardholding.1.0'}","chan":"stdout","logger":"task"}
{"timestamp":"2025-11-05T08:31:14.617581Z","level":"info","event":"✅ PDI XML validation result: True","chan":"stdout","logger":"task"}
{"timestamp":"2025-11-05T08:31:14.620055Z","level":"info","event":"Attachments to add: {'transaction_CUST000036.pdf', 'transaction_CUST000033.pdf', 'transaction_CUST000037.pdf', 'transaction_CUST000034.pdf', 'transaction_CUST000023.pdf', 'transaction_CUST000041.pdf', 'transaction_CUST000030.pdf', 'transaction_CUST000029.pdf', 'transaction_CUST000031.pdf', 'transaction_CUST000038.pdf', 'transaction_CUST000026.pdf', 'transaction_CUST000035.pdf', 'transaction_CUST000025.pdf', 'transaction_CUST000028.pdf', 'transaction_CUST000032.pdf', 'transaction_CUST000022.pdf', 'transaction_CUST000024.pdf', 'transaction_CUST000040.pdf', 'transaction_CUST000027.pdf', 'transaction_CUST000039.pdf'}","chan":"stdout","logger":"task"}
{"timestamp":"2025-11-05T08:31:14.667905Z","level":"info","event":"✅ XML written to ./data/output/sip_2_tmp/eas_sip.xml","chan":"stdout","logger":"task"}
{"timestamp":"2025-11-05T08:31:15.082488Z","level":"info","event":"✅ SIP ZIP created: ./data/sipzips/creditcardholding_2-fa0dad9d-6f98-45f9-b345-dafdb1296551.zip (0.06 MB)","chan":"stdout","logger":"task"}
{"timestamp":"2025-11-05T08:31:15.088075Z","level":"info","event":"[CLUSTER] SIP 2 size: 36 KB, records: 20","chan":"stdout","logger":"task"}
{"timestamp":"2025-11-05T08:31:15.237184Z","level":"info","event":"[DEBUG] child_element value: Record","chan":"stdout","logger":"task"}
{"timestamp":"2025-11-05T08:31:15.242730Z","level":"info","event":"[DEBUG] Found 9 elements for tag 'Record' with search_tag './/ns:Record' and ns {'ns': 'urn:eas-samples:en:xsd:creditcardholding.1.0'}","chan":"stdout","logger":"task"}
{"timestamp":"2025-11-05T08:31:15.268497Z","level":"info","event":"✅ PDI XML validation result: True","chan":"stdout","logger":"task"}
{"timestamp":"2025-11-05T08:31:15.269286Z","level":"info","event":"Attachments to add: {'transaction_CUST000050.pdf', 'transaction_CUST000045.pdf', 'transaction_CUST000047.pdf', 'transaction_CUST000049.pdf', 'transaction_CUST000043.pdf', 'transaction_CUST000044.pdf', 'transaction_CUST000048.pdf', 'transaction_CUST000046.pdf', 'transaction_CUST000042.pdf'}","chan":"stdout","logger":"task"}
{"timestamp":"2025-11-05T08:31:15.279736Z","level":"info","event":"✅ XML written to ./data/output/sip_3_tmp/eas_sip.xml","chan":"stdout","logger":"task"}
{"timestamp":"2025-11-05T08:31:15.435441Z","level":"info","event":"✅ SIP ZIP created: ./data/sipzips/creditcardholding_3-6b1d1783-901d-48d8-b7c0-d8ba8e61ed4b.zip (0.03 MB)","chan":"stdout","logger":"task"}
{"timestamp":"2025-11-05T08:31:15.440074Z","level":"info","event":"[CLUSTER] SIP 3 size: 17 KB, records: 9","chan":"stdout","logger":"task"}
{"timestamp":"2025-11-05T08:31:15.461977","level":"info","event":"Done. Returned value was: ['./data/sipzips/creditcardholding_0-29ee97e1-b8af-4eeb-8c1a-5f33b7ed3a25.zip', './data/sipzips/creditcardholding_1-a23d1039-7beb-4d6e-910a-4cb91328b32b.zip', './data/sipzips/creditcardholding_2-fa0dad9d-6f98-45f9-b345-dafdb1296551.zip', './data/sipzips/creditcardholding_3-6b1d1783-901d-48d8-b7c0-d8ba8e61ed4b.zip']","logger":"airflow.task.operators.airflow.providers.standard.decorators.python._PythonDecoratedOperator"}
{"timestamp":"2025-11-05T08:31:15.463674","level":"info","event":"Pushing xcom","ti":"RuntimeTaskInstance(id=UUID('019a5322-9f04-7875-9134-54fbea07b138'), task_id='package_sips', dag_id='IA_Generate_Master_Sip', run_id='manual_1762331369058', try_number=1, map_index=-1, hostname='c488275c2d21', context_carrier={}, task=<Task(_PythonDecoratedOperator): package_sips>, bundle_instance=LocalDagBundle(name=dags-folder), max_tries=0, start_date=datetime.datetime(2025, 11, 5, 8, 29, 38, 179286, tzinfo=TzInfo(UTC)), end_date=None, state=<TaskInstanceState.RUNNING: 'running'>, is_mapped=False, rendered_map_index=None)","logger":"task"}
