{"timestamp":"2025-09-29T11:42:07.100763","level":"info","event":"DAG bundles loaded: dags-folder","logger":"airflow.dag_processing.bundles.manager.DagBundlesManager"}
{"timestamp":"2025-09-29T11:42:07.101822","level":"info","event":"Filling up the DagBag from /opt/airflow/dags/IA_Generate_Master_Sip.py","logger":"airflow.models.dagbag.DagBag"}
{"timestamp":"2025-09-29T11:42:07.402111Z","level":"info","event":"Attachments to add: {'transaction_CUST000098.pdf', 'transaction_CUST000090.pdf', 'transaction_CUST000048.pdf', 'transaction_CUST000002.pdf', 'transaction_CUST000044.pdf', 'transaction_CUST000054.pdf', 'transaction_CUST000017.pdf', 'transaction_CUST000001.pdf', 'transaction_CUST000033.pdf', 'transaction_CUST000041.pdf', 'transaction_CUST000026.pdf', 'transaction_CUST000059.pdf', 'transaction_CUST000069.pdf', 'transaction_CUST000046.pdf', 'transaction_CUST000025.pdf', 'transaction_CUST000052.pdf', 'transaction_CUST000003.pdf', 'transaction_CUST000042.pdf', 'transaction_CUST000045.pdf', 'transaction_CUST000055.pdf', 'transaction_CUST000015.pdf', 'transaction_CUST000096.pdf', 'transaction_CUST000028.pdf', 'transaction_CUST000050.pdf', 'transaction_CUST000013.pdf', 'transaction_CUST000011.pdf', 'transaction_CUST000065.pdf', 'transaction_CUST000074.pdf', 'transaction_CUST000061.pdf', 'transaction_CUST000100.pdf', 'transaction_CUST000073.pdf', 'transaction_CUST000030.pdf', 'transaction_CUST000023.pdf', 'transaction_CUST000036.pdf', 'transaction_CUST000092.pdf', 'transaction_CUST000093.pdf', 'transaction_CUST000097.pdf', 'transaction_CUST000034.pdf', 'transaction_CUST000032.pdf', 'transaction_CUST000057.pdf', 'transaction_CUST000049.pdf', 'transaction_CUST000021.pdf', 'transaction_CUST000095.pdf', 'transaction_CUST000058.pdf', 'transaction_CUST000081.pdf', 'transaction_CUST000088.pdf', 'transaction_CUST000016.pdf', 'transaction_CUST000078.pdf', 'transaction_CUST000089.pdf', 'transaction_CUST000039.pdf', 'transaction_CUST000040.pdf', 'transaction_CUST000080.pdf', 'transaction_CUST000094.pdf', 'transaction_CUST000035.pdf', 'transaction_CUST000031.pdf', 'transaction_CUST000087.pdf', 'transaction_CUST000084.pdf', 'transaction_CUST000071.pdf', 'transaction_CUST000018.pdf', 'transaction_CUST000009.pdf', 'transaction_CUST000079.pdf', 'transaction_CUST000053.pdf', 'transaction_CUST000022.pdf', 'transaction_CUST000083.pdf', 'transaction_CUST000062.pdf', 'transaction_CUST000056.pdf', 'transaction_CUST000060.pdf', 'transaction_CUST000076.pdf', 'transaction_CUST000099.pdf', 'transaction_CUST000077.pdf', 'transaction_CUST000005.pdf', 'transaction_CUST000067.pdf', 'transaction_CUST000082.pdf', 'transaction_CUST000010.pdf', 'transaction_CUST000051.pdf', 'transaction_CUST000004.pdf', 'transaction_CUST000091.pdf', 'transaction_CUST000037.pdf', 'transaction_CUST000063.pdf', 'transaction_CUST000068.pdf', 'transaction_CUST000029.pdf', 'transaction_CUST000072.pdf', 'transaction_CUST000020.pdf', 'transaction_CUST000043.pdf', 'transaction_CUST000064.pdf', 'transaction_CUST000024.pdf', 'transaction_CUST000085.pdf', 'transaction_CUST000027.pdf', 'transaction_CUST000070.pdf', 'transaction_CUST000066.pdf', 'transaction_CUST000075.pdf', 'transaction_CUST000047.pdf', 'transaction_CUST000019.pdf', 'transaction_CUST000014.pdf', 'transaction_CUST000008.pdf', 'transaction_CUST000038.pdf', 'transaction_CUST000007.pdf', 'transaction_CUST000012.pdf', 'transaction_CUST000006.pdf', 'transaction_CUST000086.pdf'}","chan":"stdout","logger":"task"}
{"timestamp":"2025-09-29T11:42:07.971895Z","level":"info","event":"[STUDY] Total records: 100","chan":"stdout","logger":"task"}
{"timestamp":"2025-09-29T11:42:07.972949Z","level":"info","event":"[STUDY] Total unique attachments: 100","chan":"stdout","logger":"task"}
{"timestamp":"2025-09-29T11:42:07.976741Z","level":"info","event":"[STUDY] Total attachment size: 2506986 KB","chan":"stdout","logger":"task"}
{"timestamp":"2025-09-29T11:42:08.750136Z","level":"info","event":"[CLUSTER] Total SIPs to create: 12","chan":"stdout","logger":"task"}
{"timestamp":"2025-09-29T11:42:08.836813Z","level":"info","event":"✅ XML written to /opt/airflow/data/output/sip_0_tmp/eas_pdi.xml","chan":"stdout","logger":"task"}
{"timestamp":"2025-09-29T11:42:08.837394Z","level":"info","event":"[DEBUG] child_element value: Record","chan":"stdout","logger":"task"}
{"timestamp":"2025-09-29T11:42:08.851230Z","level":"info","event":"[DEBUG] Found 2 elements for tag 'Record' with search_tag './/ns:Record' and ns {'ns': 'urn:eas-samples:en:xsd:creditcardholding.1.0'}","chan":"stdout","logger":"task"}
{"timestamp":"2025-09-29T11:42:09.088763Z","level":"info","event":"✅ PDI XML validation result: True","chan":"stdout","logger":"task"}
{"timestamp":"2025-09-29T11:42:09.090167Z","level":"info","event":"Attachments to add: {'transaction_CUST000001.pdf', 'transaction_CUST000002.pdf'}","chan":"stdout","logger":"task"}
{"timestamp":"2025-09-29T11:42:09.106614Z","level":"info","event":"✅ XML written to /opt/airflow/data/output/sip_0_tmp/eas_sip.xml","chan":"stdout","logger":"task"}
{"timestamp":"2025-09-29T11:42:09.241397Z","level":"info","event":"✅ SIP ZIP created: /opt/airflow/data/sipzips/creditcardholding_0-c47cc667-638e-47c9-808f-50514cccd8a0.zip (0.01 MB)","chan":"stdout","logger":"task"}
{"timestamp":"2025-09-29T11:42:09.249063Z","level":"info","event":"[CLUSTER] SIP 0 size: 4 KB, records: 2","chan":"stdout","logger":"task"}
{"timestamp":"2025-09-29T11:42:41.113111Z","level":"info","event":"✅ XML written to /opt/airflow/data/output/sip_1_tmp/eas_pdi.xml","chan":"stdout","logger":"task"}
{"timestamp":"2025-09-29T11:42:41.114153Z","level":"info","event":"[DEBUG] child_element value: Record","chan":"stdout","logger":"task"}
{"timestamp":"2025-09-29T11:42:41.118070Z","level":"info","event":"[DEBUG] Found 1 elements for tag 'Record' with search_tag './/ns:Record' and ns {'ns': 'urn:eas-samples:en:xsd:creditcardholding.1.0'}","chan":"stdout","logger":"task"}
{"timestamp":"2025-09-29T11:42:41.146760Z","level":"info","event":"✅ PDI XML validation result: True","chan":"stdout","logger":"task"}
{"timestamp":"2025-09-29T11:42:41.147809Z","level":"info","event":"Attachments to add: {'transaction_CUST000003.pdf'}","chan":"stdout","logger":"task"}
{"timestamp":"2025-09-29T11:42:41.175737Z","level":"info","event":"✅ XML written to /opt/airflow/data/output/sip_1_tmp/eas_sip.xml","chan":"stdout","logger":"task"}
{"timestamp":"2025-09-29T11:43:38.959144Z","level":"info","event":"✅ SIP ZIP created: /opt/airflow/data/sipzips/creditcardholding_1-9716a486-bead-4f5b-9331-5438fc2dc432.zip (612.00 MB)","chan":"stdout","logger":"task"}
{"timestamp":"2025-09-29T11:43:38.964226Z","level":"info","event":"[CLUSTER] SIP 1 size: 611 KB, records: 1","chan":"stdout","logger":"task"}
{"timestamp":"2025-09-29T11:43:39.173986Z","level":"info","event":"✅ XML written to /opt/airflow/data/output/sip_2_tmp/eas_pdi.xml","chan":"stdout","logger":"task"}
{"timestamp":"2025-09-29T11:43:39.174905Z","level":"info","event":"[DEBUG] child_element value: Record","chan":"stdout","logger":"task"}
{"timestamp":"2025-09-29T11:43:39.179171Z","level":"info","event":"[DEBUG] Found 14 elements for tag 'Record' with search_tag './/ns:Record' and ns {'ns': 'urn:eas-samples:en:xsd:creditcardholding.1.0'}","chan":"stdout","logger":"task"}
{"timestamp":"2025-09-29T11:43:39.207112Z","level":"info","event":"✅ PDI XML validation result: True","chan":"stdout","logger":"task"}
{"timestamp":"2025-09-29T11:43:39.207839Z","level":"info","event":"Attachments to add: {'transaction_CUST000011.pdf', 'transaction_CUST000010.pdf', 'transaction_CUST000005.pdf', 'transaction_CUST000008.pdf', 'transaction_CUST000007.pdf', 'transaction_CUST000012.pdf', 'transaction_CUST000017.pdf', 'transaction_CUST000015.pdf', 'transaction_CUST000006.pdf', 'transaction_CUST000009.pdf', 'transaction_CUST000013.pdf', 'transaction_CUST000016.pdf', 'transaction_CUST000004.pdf', 'transaction_CUST000014.pdf'}","chan":"stdout","logger":"task"}
{"timestamp":"2025-09-29T11:43:39.219059Z","level":"info","event":"✅ XML written to /opt/airflow/data/output/sip_2_tmp/eas_sip.xml","chan":"stdout","logger":"task"}
{"timestamp":"2025-09-29T11:43:39.387064Z","level":"info","event":"✅ SIP ZIP created: /opt/airflow/data/sipzips/creditcardholding_2-16a1c02d-6495-4b1e-9041-f523a5f1b4f4.zip (0.04 MB)","chan":"stdout","logger":"task"}
{"timestamp":"2025-09-29T11:43:39.390741Z","level":"info","event":"[CLUSTER] SIP 2 size: 25 KB, records: 14","chan":"stdout","logger":"task"}
{"timestamp":"2025-09-29T11:43:57.332045Z","level":"info","event":"✅ XML written to /opt/airflow/data/output/sip_3_tmp/eas_pdi.xml","chan":"stdout","logger":"task"}
{"timestamp":"2025-09-29T11:43:57.333298Z","level":"info","event":"[DEBUG] child_element value: Record","chan":"stdout","logger":"task"}
{"timestamp":"2025-09-29T11:43:57.341371Z","level":"info","event":"[DEBUG] Found 1 elements for tag 'Record' with search_tag './/ns:Record' and ns {'ns': 'urn:eas-samples:en:xsd:creditcardholding.1.0'}","chan":"stdout","logger":"task"}
{"timestamp":"2025-09-29T11:43:57.386411Z","level":"info","event":"✅ PDI XML validation result: True","chan":"stdout","logger":"task"}
{"timestamp":"2025-09-29T11:43:57.387295Z","level":"info","event":"Attachments to add: {'transaction_CUST000018.pdf'}","chan":"stdout","logger":"task"}
{"timestamp":"2025-09-29T11:43:57.405911Z","level":"info","event":"✅ XML written to /opt/airflow/data/output/sip_3_tmp/eas_sip.xml","chan":"stdout","logger":"task"}
{"timestamp":"2025-09-29T11:44:55.700873Z","level":"info","event":"✅ SIP ZIP created: /opt/airflow/data/sipzips/creditcardholding_3-be92ee21-abf4-4eb7-b248-77428652a82c.zip (612.00 MB)","chan":"stdout","logger":"task"}
{"timestamp":"2025-09-29T11:44:55.706214Z","level":"info","event":"[CLUSTER] SIP 3 size: 612 KB, records: 1","chan":"stdout","logger":"task"}
{"timestamp":"2025-09-29T11:44:56.117015Z","level":"info","event":"✅ XML written to /opt/airflow/data/output/sip_4_tmp/eas_pdi.xml","chan":"stdout","logger":"task"}
{"timestamp":"2025-09-29T11:44:56.118428Z","level":"info","event":"[DEBUG] child_element value: Record","chan":"stdout","logger":"task"}
{"timestamp":"2025-09-29T11:44:56.126732Z","level":"info","event":"[DEBUG] Found 20 elements for tag 'Record' with search_tag './/ns:Record' and ns {'ns': 'urn:eas-samples:en:xsd:creditcardholding.1.0'}","chan":"stdout","logger":"task"}
{"timestamp":"2025-09-29T11:44:56.167587Z","level":"info","event":"✅ PDI XML validation result: True","chan":"stdout","logger":"task"}
{"timestamp":"2025-09-29T11:44:56.168479Z","level":"info","event":"Attachments to add: {'transaction_CUST000030.pdf', 'transaction_CUST000037.pdf', 'transaction_CUST000023.pdf', 'transaction_CUST000035.pdf', 'transaction_CUST000036.pdf', 'transaction_CUST000031.pdf', 'transaction_CUST000029.pdf', 'transaction_CUST000020.pdf', 'transaction_CUST000033.pdf', 'transaction_CUST000024.pdf', 'transaction_CUST000026.pdf', 'transaction_CUST000034.pdf', 'transaction_CUST000027.pdf', 'transaction_CUST000022.pdf', 'transaction_CUST000032.pdf', 'transaction_CUST000025.pdf', 'transaction_CUST000021.pdf', 'transaction_CUST000019.pdf', 'transaction_CUST000038.pdf', 'transaction_CUST000028.pdf'}","chan":"stdout","logger":"task"}
{"timestamp":"2025-09-29T11:44:56.182844Z","level":"info","event":"✅ XML written to /opt/airflow/data/output/sip_4_tmp/eas_sip.xml","chan":"stdout","logger":"task"}
{"timestamp":"2025-09-29T11:44:56.757126Z","level":"info","event":"✅ SIP ZIP created: /opt/airflow/data/sipzips/creditcardholding_4-28a0f6be-3f20-48d5-bb3e-c39af95210a7.zip (0.06 MB)","chan":"stdout","logger":"task"}
{"timestamp":"2025-09-29T11:44:56.761074Z","level":"info","event":"[CLUSTER] SIP 4 size: 36 KB, records: 20","chan":"stdout","logger":"task"}
{"timestamp":"2025-09-29T11:44:57.355525Z","level":"info","event":"✅ XML written to /opt/airflow/data/output/sip_5_tmp/eas_pdi.xml","chan":"stdout","logger":"task"}
{"timestamp":"2025-09-29T11:44:57.356167Z","level":"info","event":"[DEBUG] child_element value: Record","chan":"stdout","logger":"task"}
{"timestamp":"2025-09-29T11:44:57.362097Z","level":"info","event":"[DEBUG] Found 20 elements for tag 'Record' with search_tag './/ns:Record' and ns {'ns': 'urn:eas-samples:en:xsd:creditcardholding.1.0'}","chan":"stdout","logger":"task"}
{"timestamp":"2025-09-29T11:44:57.454105Z","level":"info","event":"✅ PDI XML validation result: True","chan":"stdout","logger":"task"}
{"timestamp":"2025-09-29T11:44:57.455242Z","level":"info","event":"Attachments to add: {'transaction_CUST000051.pdf', 'transaction_CUST000048.pdf', 'transaction_CUST000040.pdf', 'transaction_CUST000039.pdf', 'transaction_CUST000054.pdf', 'transaction_CUST000044.pdf', 'transaction_CUST000043.pdf', 'transaction_CUST000041.pdf', 'transaction_CUST000053.pdf', 'transaction_CUST000056.pdf', 'transaction_CUST000046.pdf', 'transaction_CUST000052.pdf', 'transaction_CUST000057.pdf', 'transaction_CUST000047.pdf', 'transaction_CUST000049.pdf', 'transaction_CUST000042.pdf', 'transaction_CUST000045.pdf', 'transaction_CUST000058.pdf', 'transaction_CUST000055.pdf', 'transaction_CUST000050.pdf'}","chan":"stdout","logger":"task"}
{"timestamp":"2025-09-29T11:44:57.491513Z","level":"info","event":"✅ XML written to /opt/airflow/data/output/sip_5_tmp/eas_sip.xml","chan":"stdout","logger":"task"}
{"timestamp":"2025-09-29T11:44:58.123730Z","level":"info","event":"✅ SIP ZIP created: /opt/airflow/data/sipzips/creditcardholding_5-a7332535-d71b-494b-9d7d-1784d1627540.zip (0.06 MB)","chan":"stdout","logger":"task"}
{"timestamp":"2025-09-29T11:44:58.161927Z","level":"info","event":"[CLUSTER] SIP 5 size: 35 KB, records: 20","chan":"stdout","logger":"task"}
{"timestamp":"2025-09-29T11:44:58.568912Z","level":"info","event":"✅ XML written to /opt/airflow/data/output/sip_6_tmp/eas_pdi.xml","chan":"stdout","logger":"task"}
{"timestamp":"2025-09-29T11:44:58.570591Z","level":"info","event":"[DEBUG] child_element value: Record","chan":"stdout","logger":"task"}
{"timestamp":"2025-09-29T11:44:58.579730Z","level":"info","event":"[DEBUG] Found 20 elements for tag 'Record' with search_tag './/ns:Record' and ns {'ns': 'urn:eas-samples:en:xsd:creditcardholding.1.0'}","chan":"stdout","logger":"task"}
{"timestamp":"2025-09-29T11:44:58.648916Z","level":"info","event":"✅ PDI XML validation result: True","chan":"stdout","logger":"task"}
{"timestamp":"2025-09-29T11:44:58.653167Z","level":"info","event":"Attachments to add: {'transaction_CUST000078.pdf', 'transaction_CUST000065.pdf', 'transaction_CUST000074.pdf', 'transaction_CUST000061.pdf', 'transaction_CUST000073.pdf', 'transaction_CUST000063.pdf', 'transaction_CUST000068.pdf', 'transaction_CUST000072.pdf', 'transaction_CUST000071.pdf', 'transaction_CUST000064.pdf', 'transaction_CUST000059.pdf', 'transaction_CUST000069.pdf', 'transaction_CUST000070.pdf', 'transaction_CUST000062.pdf', 'transaction_CUST000066.pdf', 'transaction_CUST000060.pdf', 'transaction_CUST000076.pdf', 'transaction_CUST000075.pdf', 'transaction_CUST000077.pdf', 'transaction_CUST000067.pdf'}","chan":"stdout","logger":"task"}
{"timestamp":"2025-09-29T11:44:58.670323Z","level":"info","event":"✅ XML written to /opt/airflow/data/output/sip_6_tmp/eas_sip.xml","chan":"stdout","logger":"task"}
{"timestamp":"2025-09-29T11:44:59.174570Z","level":"info","event":"✅ SIP ZIP created: /opt/airflow/data/sipzips/creditcardholding_6-721f0f1b-0663-43a8-8602-f725981a53c8.zip (0.06 MB)","chan":"stdout","logger":"task"}
{"timestamp":"2025-09-29T11:44:59.202643Z","level":"info","event":"[CLUSTER] SIP 6 size: 35 KB, records: 20","chan":"stdout","logger":"task"}
{"timestamp":"2025-09-29T11:44:59.752816Z","level":"info","event":"✅ XML written to /opt/airflow/data/output/sip_7_tmp/eas_pdi.xml","chan":"stdout","logger":"task"}
{"timestamp":"2025-09-29T11:44:59.757429Z","level":"info","event":"[DEBUG] child_element value: Record","chan":"stdout","logger":"task"}
{"timestamp":"2025-09-29T11:44:59.764790Z","level":"info","event":"[DEBUG] Found 9 elements for tag 'Record' with search_tag './/ns:Record' and ns {'ns': 'urn:eas-samples:en:xsd:creditcardholding.1.0'}","chan":"stdout","logger":"task"}
{"timestamp":"2025-09-29T11:44:59.789943Z","level":"info","event":"✅ PDI XML validation result: True","chan":"stdout","logger":"task"}
{"timestamp":"2025-09-29T11:44:59.790509Z","level":"info","event":"Attachments to add: {'transaction_CUST000083.pdf', 'transaction_CUST000081.pdf', 'transaction_CUST000087.pdf', 'transaction_CUST000084.pdf', 'transaction_CUST000086.pdf', 'transaction_CUST000080.pdf', 'transaction_CUST000085.pdf', 'transaction_CUST000079.pdf', 'transaction_CUST000082.pdf'}","chan":"stdout","logger":"task"}
{"timestamp":"2025-09-29T11:44:59.806351Z","level":"info","event":"✅ XML written to /opt/airflow/data/output/sip_7_tmp/eas_sip.xml","chan":"stdout","logger":"task"}
{"timestamp":"2025-09-29T11:45:00.120559Z","level":"info","event":"✅ SIP ZIP created: /opt/airflow/data/sipzips/creditcardholding_7-09990211-6e0d-431e-b971-1958aa1c16eb.zip (0.03 MB)","chan":"stdout","logger":"task"}
{"timestamp":"2025-09-29T11:45:00.130380Z","level":"info","event":"[CLUSTER] SIP 7 size: 16 KB, records: 9","chan":"stdout","logger":"task"}
{"timestamp":"2025-09-29T11:45:20.357617Z","level":"info","event":"✅ XML written to /opt/airflow/data/output/sip_8_tmp/eas_pdi.xml","chan":"stdout","logger":"task"}
{"timestamp":"2025-09-29T11:45:20.358366Z","level":"info","event":"[DEBUG] child_element value: Record","chan":"stdout","logger":"task"}
{"timestamp":"2025-09-29T11:45:20.363232Z","level":"info","event":"[DEBUG] Found 1 elements for tag 'Record' with search_tag './/ns:Record' and ns {'ns': 'urn:eas-samples:en:xsd:creditcardholding.1.0'}","chan":"stdout","logger":"task"}
{"timestamp":"2025-09-29T11:45:20.390445Z","level":"info","event":"✅ PDI XML validation result: True","chan":"stdout","logger":"task"}
{"timestamp":"2025-09-29T11:45:20.391016Z","level":"info","event":"Attachments to add: {'transaction_CUST000088.pdf'}","chan":"stdout","logger":"task"}
{"timestamp":"2025-09-29T11:45:20.401923Z","level":"info","event":"✅ XML written to /opt/airflow/data/output/sip_8_tmp/eas_sip.xml","chan":"stdout","logger":"task"}
{"timestamp":"2025-09-29T11:46:14.301457Z","level":"info","event":"✅ SIP ZIP created: /opt/airflow/data/sipzips/creditcardholding_8-7b43960a-9b16-40e3-af05-50b37e9821a8.zip (612.00 MB)","chan":"stdout","logger":"task"}
{"timestamp":"2025-09-29T11:46:14.306450Z","level":"info","event":"[CLUSTER] SIP 8 size: 612 KB, records: 1","chan":"stdout","logger":"task"}
{"timestamp":"2025-09-29T11:46:14.390800Z","level":"info","event":"✅ XML written to /opt/airflow/data/output/sip_9_tmp/eas_pdi.xml","chan":"stdout","logger":"task"}
{"timestamp":"2025-09-29T11:46:14.391537Z","level":"info","event":"[DEBUG] child_element value: Record","chan":"stdout","logger":"task"}
{"timestamp":"2025-09-29T11:46:14.397678Z","level":"info","event":"[DEBUG] Found 4 elements for tag 'Record' with search_tag './/ns:Record' and ns {'ns': 'urn:eas-samples:en:xsd:creditcardholding.1.0'}","chan":"stdout","logger":"task"}
{"timestamp":"2025-09-29T11:46:14.482545Z","level":"info","event":"✅ PDI XML validation result: True","chan":"stdout","logger":"task"}
{"timestamp":"2025-09-29T11:46:14.485806Z","level":"info","event":"Attachments to add: {'transaction_CUST000092.pdf', 'transaction_CUST000090.pdf', 'transaction_CUST000091.pdf', 'transaction_CUST000089.pdf'}","chan":"stdout","logger":"task"}
{"timestamp":"2025-09-29T11:46:14.500897Z","level":"info","event":"✅ XML written to /opt/airflow/data/output/sip_9_tmp/eas_sip.xml","chan":"stdout","logger":"task"}
{"timestamp":"2025-09-29T11:46:14.584195Z","level":"info","event":"✅ SIP ZIP created: /opt/airflow/data/sipzips/creditcardholding_9-1dc1b325-f253-4ab2-99dd-e60f4d750d4c.zip (0.01 MB)","chan":"stdout","logger":"task"}
{"timestamp":"2025-09-29T11:46:14.588561Z","level":"info","event":"[CLUSTER] SIP 9 size: 7 KB, records: 4","chan":"stdout","logger":"task"}
{"timestamp":"2025-09-29T11:46:35.607292Z","level":"info","event":"✅ XML written to /opt/airflow/data/output/sip_10_tmp/eas_pdi.xml","chan":"stdout","logger":"task"}
{"timestamp":"2025-09-29T11:46:35.611669Z","level":"info","event":"[DEBUG] child_element value: Record","chan":"stdout","logger":"task"}
{"timestamp":"2025-09-29T11:46:35.624514Z","level":"info","event":"[DEBUG] Found 1 elements for tag 'Record' with search_tag './/ns:Record' and ns {'ns': 'urn:eas-samples:en:xsd:creditcardholding.1.0'}","chan":"stdout","logger":"task"}
{"timestamp":"2025-09-29T11:46:35.736948Z","level":"info","event":"✅ PDI XML validation result: True","chan":"stdout","logger":"task"}
{"timestamp":"2025-09-29T11:46:35.737523Z","level":"info","event":"Attachments to add: {'transaction_CUST000093.pdf'}","chan":"stdout","logger":"task"}
{"timestamp":"2025-09-29T11:46:35.793843Z","level":"info","event":"✅ XML written to /opt/airflow/data/output/sip_10_tmp/eas_sip.xml","chan":"stdout","logger":"task"}
{"timestamp":"2025-09-29T11:47:50.879860Z","level":"info","event":"✅ SIP ZIP created: /opt/airflow/data/sipzips/creditcardholding_10-45732a61-b0e4-455a-9177-7eddd8d9d90b.zip (612.00 MB)","chan":"stdout","logger":"task"}
{"timestamp":"2025-09-29T11:47:50.891680Z","level":"info","event":"[CLUSTER] SIP 10 size: 611 KB, records: 1","chan":"stdout","logger":"task"}
{"timestamp":"2025-09-29T11:47:51.055589Z","level":"info","event":"✅ XML written to /opt/airflow/data/output/sip_11_tmp/eas_pdi.xml","chan":"stdout","logger":"task"}
{"timestamp":"2025-09-29T11:47:51.056297Z","level":"info","event":"[DEBUG] child_element value: Record","chan":"stdout","logger":"task"}
{"timestamp":"2025-09-29T11:47:51.062963Z","level":"info","event":"[DEBUG] Found 7 elements for tag 'Record' with search_tag './/ns:Record' and ns {'ns': 'urn:eas-samples:en:xsd:creditcardholding.1.0'}","chan":"stdout","logger":"task"}
{"timestamp":"2025-09-29T11:47:51.116749Z","level":"info","event":"✅ PDI XML validation result: True","chan":"stdout","logger":"task"}
{"timestamp":"2025-09-29T11:47:51.117295Z","level":"info","event":"Attachments to add: {'transaction_CUST000097.pdf', 'transaction_CUST000098.pdf', 'transaction_CUST000099.pdf', 'transaction_CUST000100.pdf', 'transaction_CUST000096.pdf', 'transaction_CUST000094.pdf', 'transaction_CUST000095.pdf'}","chan":"stdout","logger":"task"}
{"timestamp":"2025-09-29T11:47:51.136306Z","level":"info","event":"✅ XML written to /opt/airflow/data/output/sip_11_tmp/eas_sip.xml","chan":"stdout","logger":"task"}
{"timestamp":"2025-09-29T11:47:51.564807Z","level":"info","event":"✅ SIP ZIP created: /opt/airflow/data/sipzips/creditcardholding_11-32e1abc3-966e-4549-b3a2-83383b4df364.zip (0.02 MB)","chan":"stdout","logger":"task"}
{"timestamp":"2025-09-29T11:47:51.593723Z","level":"info","event":"[CLUSTER] SIP 11 size: 13 KB, records: 7","chan":"stdout","logger":"task"}
{"timestamp":"2025-09-29T11:47:51.607304","level":"info","event":"Done. Returned value was: ['/opt/airflow/data/sipzips/creditcardholding_0-c47cc667-638e-47c9-808f-50514cccd8a0.zip', '/opt/airflow/data/sipzips/creditcardholding_1-9716a486-bead-4f5b-9331-5438fc2dc432.zip', '/opt/airflow/data/sipzips/creditcardholding_2-16a1c02d-6495-4b1e-9041-f523a5f1b4f4.zip', '/opt/airflow/data/sipzips/creditcardholding_3-be92ee21-abf4-4eb7-b248-77428652a82c.zip', '/opt/airflow/data/sipzips/creditcardholding_4-28a0f6be-3f20-48d5-bb3e-c39af95210a7.zip', '/opt/airflow/data/sipzips/creditcardholding_5-a7332535-d71b-494b-9d7d-1784d1627540.zip', '/opt/airflow/data/sipzips/creditcardholding_6-721f0f1b-0663-43a8-8602-f725981a53c8.zip', '/opt/airflow/data/sipzips/creditcardholding_7-09990211-6e0d-431e-b971-1958aa1c16eb.zip', '/opt/airflow/data/sipzips/creditcardholding_8-7b43960a-9b16-40e3-af05-50b37e9821a8.zip', '/opt/airflow/data/sipzips/creditcardholding_9-1dc1b325-f253-4ab2-99dd-e60f4d750d4c.zip', '/opt/airflow/data/sipzips/creditcardholding_10-45732a61-b0e4-455a-9177-7eddd8d9d90b.zip', '/opt/airflow/data/sipzips/creditcardholding_11-32e1abc3-966e-4549-b3a2-83383b4df364.zip']","logger":"airflow.task.operators.airflow.providers.standard.decorators.python._PythonDecoratedOperator"}
{"timestamp":"2025-09-29T11:47:51.609163","level":"info","event":"Pushing xcom","ti":"RuntimeTaskInstance(id=UUID('01999547-963b-7a7e-bf02-775b0fba80a3'), task_id='package_sips', dag_id='IA_Generate_Master_Sip', run_id='manual_1759146120683', try_number=1, map_index=-1, hostname='c5f695e165db', context_carrier={}, task=<Task(_PythonDecoratedOperator): package_sips>, bundle_instance=LocalDagBundle(name=dags-folder), max_tries=0, start_date=datetime.datetime(2025, 9, 29, 11, 42, 6, 781985, tzinfo=TzInfo(UTC)), end_date=None, state=<TaskInstanceState.RUNNING: 'running'>, is_mapped=False, rendered_map_index=None)","logger":"task"}
