{"timestamp":"2025-10-15T05:51:53.083889","level":"info","event":"DAG bundles loaded: dags-folder","logger":"airflow.dag_processing.bundles.manager.DagBundlesManager"}
{"timestamp":"2025-10-15T05:51:53.084635","level":"info","event":"Filling up the DagBag from /opt/airflow/dags/IA_Generate_Master_Sip.py","logger":"airflow.models.dagbag.DagBag"}
{"timestamp":"2025-10-15T05:51:53.221122Z","level":"info","event":"Attachments to add: {'transaction_CUST000037.pdf', 'transaction_CUST000043.pdf', 'transaction_CUST000010.pdf', 'transaction_CUST000003.pdf', 'transaction_CUST000041.pdf', 'transaction_CUST000042.pdf', 'transaction_CUST000015.pdf', 'transaction_CUST000023.pdf', 'transaction_CUST000035.pdf', 'transaction_CUST000034.pdf', 'transaction_CUST000040.pdf', 'transaction_CUST000001.pdf', 'transaction_CUST000032.pdf', 'transaction_CUST000028.pdf', 'transaction_CUST000021.pdf', 'transaction_CUST000022.pdf', 'transaction_CUST000029.pdf', 'transaction_CUST000046.pdf', 'transaction_CUST000012.pdf', 'transaction_CUST000017.pdf', 'transaction_CUST000036.pdf', 'transaction_CUST000025.pdf', 'transaction_CUST000004.pdf', 'transaction_CUST000018.pdf', 'transaction_CUST000006.pdf', 'transaction_CUST000033.pdf', 'transaction_CUST000031.pdf', 'transaction_CUST000039.pdf', 'transaction_CUST000044.pdf', 'transaction_CUST000020.pdf', 'transaction_CUST000014.pdf', 'transaction_CUST000047.pdf', 'transaction_CUST000049.pdf', 'transaction_CUST000045.pdf', 'transaction_CUST000050.pdf', 'transaction_CUST000024.pdf', 'transaction_CUST000009.pdf', 'transaction_CUST000007.pdf', 'transaction_CUST000016.pdf', 'transaction_CUST000030.pdf', 'transaction_CUST000008.pdf', 'transaction_CUST000038.pdf', 'transaction_CUST000027.pdf', 'transaction_CUST000026.pdf', 'transaction_CUST000013.pdf', 'transaction_CUST000002.pdf', 'transaction_CUST000019.pdf', 'transaction_CUST000048.pdf', 'transaction_CUST000005.pdf', 'transaction_CUST000011.pdf'}","chan":"stdout","logger":"task"}
{"timestamp":"2025-10-15T05:51:54.007741Z","level":"info","event":"[STUDY] Total records: 50","chan":"stdout","logger":"task"}
{"timestamp":"2025-10-15T05:51:54.013512Z","level":"info","event":"[STUDY] Total unique attachments: 50","chan":"stdout","logger":"task"}
{"timestamp":"2025-10-15T05:51:54.022620Z","level":"info","event":"[STUDY] Total attachment size: 626810 KB","chan":"stdout","logger":"task"}
{"timestamp":"2025-10-15T05:51:54.718346Z","level":"info","event":"[CLUSTER] Total SIPs to create: 4","chan":"stdout","logger":"task"}
{"timestamp":"2025-10-15T05:51:55.104133Z","level":"info","event":"[DEBUG] child_element value: Record","chan":"stdout","logger":"task"}
{"timestamp":"2025-10-15T05:51:55.116771Z","level":"info","event":"[DEBUG] Found 20 elements for tag 'Record' with search_tag './/ns:Record' and ns {'ns': 'urn:eas-samples:en:xsd:creditcardholding.1.0'}","chan":"stdout","logger":"task"}
{"timestamp":"2025-10-15T05:51:55.298804Z","level":"info","event":"✅ PDI XML validation result: True","chan":"stdout","logger":"task"}
{"timestamp":"2025-10-15T05:51:55.299541Z","level":"info","event":"Attachments to add: {'transaction_CUST000010.pdf', 'transaction_CUST000003.pdf', 'transaction_CUST000015.pdf', 'transaction_CUST000001.pdf', 'transaction_CUST000012.pdf', 'transaction_CUST000017.pdf', 'transaction_CUST000004.pdf', 'transaction_CUST000018.pdf', 'transaction_CUST000006.pdf', 'transaction_CUST000020.pdf', 'transaction_CUST000014.pdf', 'transaction_CUST000009.pdf', 'transaction_CUST000007.pdf', 'transaction_CUST000016.pdf', 'transaction_CUST000008.pdf', 'transaction_CUST000013.pdf', 'transaction_CUST000002.pdf', 'transaction_CUST000019.pdf', 'transaction_CUST000005.pdf', 'transaction_CUST000011.pdf'}","chan":"stdout","logger":"task"}
{"timestamp":"2025-10-15T05:51:55.331176Z","level":"info","event":"✅ XML written to ./data/output/sip_0_tmp/eas_sip.xml","chan":"stdout","logger":"task"}
{"timestamp":"2025-10-15T05:51:55.764725Z","level":"info","event":"✅ SIP ZIP created: ./data/sipzips/creditcardholding_0-5765ca75-821a-4f75-bd9d-4b22c97ae709.zip (0.06 MB)","chan":"stdout","logger":"task"}
{"timestamp":"2025-10-15T05:51:55.769888Z","level":"info","event":"[CLUSTER] SIP 0 size: 37 KB, records: 20","chan":"stdout","logger":"task"}
{"timestamp":"2025-10-15T05:52:16.331775Z","level":"info","event":"[DEBUG] child_element value: Record","chan":"stdout","logger":"task"}
{"timestamp":"2025-10-15T05:52:16.380812Z","level":"info","event":"[DEBUG] Found 1 elements for tag 'Record' with search_tag './/ns:Record' and ns {'ns': 'urn:eas-samples:en:xsd:creditcardholding.1.0'}","chan":"stdout","logger":"task"}
{"timestamp":"2025-10-15T05:52:16.649803Z","level":"info","event":"✅ PDI XML validation result: True","chan":"stdout","logger":"task"}
{"timestamp":"2025-10-15T05:52:16.653749Z","level":"info","event":"Attachments to add: {'transaction_CUST000021.pdf'}","chan":"stdout","logger":"task"}
{"timestamp":"2025-10-15T05:52:16.672702Z","level":"info","event":"✅ XML written to ./data/output/sip_1_tmp/eas_sip.xml","chan":"stdout","logger":"task"}
{"timestamp":"2025-10-15T05:53:17.114750Z","level":"info","event":"✅ SIP ZIP created: ./data/sipzips/creditcardholding_1-802babce-7199-4d0b-8ba6-b0e0de4fa594.zip (612.00 MB)","chan":"stdout","logger":"task"}
{"timestamp":"2025-10-15T05:53:17.119226Z","level":"info","event":"[CLUSTER] SIP 1 size: 611 KB, records: 1","chan":"stdout","logger":"task"}
{"timestamp":"2025-10-15T05:53:17.371949Z","level":"info","event":"[DEBUG] child_element value: Record","chan":"stdout","logger":"task"}
{"timestamp":"2025-10-15T05:53:17.386415Z","level":"info","event":"[DEBUG] Found 20 elements for tag 'Record' with search_tag './/ns:Record' and ns {'ns': 'urn:eas-samples:en:xsd:creditcardholding.1.0'}","chan":"stdout","logger":"task"}
{"timestamp":"2025-10-15T05:53:17.419087Z","level":"info","event":"✅ PDI XML validation result: True","chan":"stdout","logger":"task"}
{"timestamp":"2025-10-15T05:53:17.419756Z","level":"info","event":"Attachments to add: {'transaction_CUST000037.pdf', 'transaction_CUST000041.pdf', 'transaction_CUST000023.pdf', 'transaction_CUST000035.pdf', 'transaction_CUST000034.pdf', 'transaction_CUST000040.pdf', 'transaction_CUST000032.pdf', 'transaction_CUST000028.pdf', 'transaction_CUST000022.pdf', 'transaction_CUST000029.pdf', 'transaction_CUST000036.pdf', 'transaction_CUST000025.pdf', 'transaction_CUST000033.pdf', 'transaction_CUST000031.pdf', 'transaction_CUST000039.pdf', 'transaction_CUST000024.pdf', 'transaction_CUST000030.pdf', 'transaction_CUST000038.pdf', 'transaction_CUST000027.pdf', 'transaction_CUST000026.pdf'}","chan":"stdout","logger":"task"}
{"timestamp":"2025-10-15T05:53:17.431804Z","level":"info","event":"✅ XML written to ./data/output/sip_2_tmp/eas_sip.xml","chan":"stdout","logger":"task"}
{"timestamp":"2025-10-15T05:53:18.040811Z","level":"info","event":"✅ SIP ZIP created: ./data/sipzips/creditcardholding_2-877446e9-5e88-4daa-b455-f650d4b9d11d.zip (0.06 MB)","chan":"stdout","logger":"task"}
{"timestamp":"2025-10-15T05:53:18.046014Z","level":"info","event":"[CLUSTER] SIP 2 size: 36 KB, records: 20","chan":"stdout","logger":"task"}
{"timestamp":"2025-10-15T05:53:18.389331Z","level":"info","event":"[DEBUG] child_element value: Record","chan":"stdout","logger":"task"}
{"timestamp":"2025-10-15T05:53:18.396938Z","level":"info","event":"[DEBUG] Found 9 elements for tag 'Record' with search_tag './/ns:Record' and ns {'ns': 'urn:eas-samples:en:xsd:creditcardholding.1.0'}","chan":"stdout","logger":"task"}
{"timestamp":"2025-10-15T05:53:18.439937Z","level":"info","event":"✅ PDI XML validation result: True","chan":"stdout","logger":"task"}
{"timestamp":"2025-10-15T05:53:18.441061Z","level":"info","event":"Attachments to add: {'transaction_CUST000043.pdf', 'transaction_CUST000044.pdf', 'transaction_CUST000046.pdf', 'transaction_CUST000042.pdf', 'transaction_CUST000050.pdf', 'transaction_CUST000047.pdf', 'transaction_CUST000049.pdf', 'transaction_CUST000045.pdf', 'transaction_CUST000048.pdf'}","chan":"stdout","logger":"task"}
{"timestamp":"2025-10-15T05:53:18.456240Z","level":"info","event":"✅ XML written to ./data/output/sip_3_tmp/eas_sip.xml","chan":"stdout","logger":"task"}
{"timestamp":"2025-10-15T05:53:18.632271Z","level":"info","event":"✅ SIP ZIP created: ./data/sipzips/creditcardholding_3-f51b2f27-2a8e-4373-bfff-d19e462a4dda.zip (0.03 MB)","chan":"stdout","logger":"task"}
{"timestamp":"2025-10-15T05:53:18.636244Z","level":"info","event":"[CLUSTER] SIP 3 size: 17 KB, records: 9","chan":"stdout","logger":"task"}
{"timestamp":"2025-10-15T05:53:18.653039","level":"info","event":"Done. Returned value was: ['./data/sipzips/creditcardholding_0-5765ca75-821a-4f75-bd9d-4b22c97ae709.zip', './data/sipzips/creditcardholding_1-802babce-7199-4d0b-8ba6-b0e0de4fa594.zip', './data/sipzips/creditcardholding_2-877446e9-5e88-4daa-b455-f650d4b9d11d.zip', './data/sipzips/creditcardholding_3-f51b2f27-2a8e-4373-bfff-d19e462a4dda.zip']","logger":"airflow.task.operators.airflow.providers.standard.decorators.python._PythonDecoratedOperator"}
{"timestamp":"2025-10-15T05:53:18.654131","level":"info","event":"Pushing xcom","ti":"RuntimeTaskInstance(id=UUID('0199e66c-bbd9-7bb3-9759-dcb8646d633a'), task_id='package_sips', dag_id='IA_Generate_Master_Sip', run_id='manual_1760507509653', try_number=1, map_index=-1, hostname='c488275c2d21', context_carrier={}, task=<Task(_PythonDecoratedOperator): package_sips>, bundle_instance=LocalDagBundle(name=dags-folder), max_tries=0, start_date=datetime.datetime(2025, 10, 15, 5, 51, 52, 813512, tzinfo=TzInfo(UTC)), end_date=None, state=<TaskInstanceState.RUNNING: 'running'>, is_mapped=False, rendered_map_index=None)","logger":"task"}
