{"timestamp":"2025-10-06T04:34:36.522783","level":"info","event":"DAG bundles loaded: dags-folder","logger":"airflow.dag_processing.bundles.manager.DagBundlesManager"}
{"timestamp":"2025-10-06T04:34:36.523579","level":"info","event":"Filling up the DagBag from /opt/airflow/dags/IA_SIP_Ingest_Dag.py","logger":"airflow.models.dagbag.DagBag"}
{"timestamp":"2025-10-06T04:34:36.721895Z","level":"info","event":"[DEBUG] Running command: \"/opt/airflow/scripts/iashell/bin/iashell.sh\" script \"/opt/airflow/data/output/install-CreditCardStatementsArchive.iashell\"","chan":"stdout","logger":"task"}
{"timestamp":"2025-10-06T04:34:36.769245Z","level":"info","event":"[IAShell STDOUT] checking from IAShell script directly","chan":"stdout","logger":"task"}
{"timestamp":"2025-10-06T04:34:36.787368Z","level":"info","event":"[IAShell STDOUT] /opt/java/temurin-21","chan":"stdout","logger":"task"}
{"timestamp":"2025-10-06T04:34:36.805724Z","level":"info","event":"[IAShell STDOUT] /opt/maven/bin:/opt/java/temurin-21/bin:/root/bin:/home/airflow/.local/bin:/usr/local/bin:/usr/local/sbin:/usr/local/bin:/usr/sbin:/usr/bin:/sbin:/bin","chan":"stdout","logger":"task"}
{"timestamp":"2025-10-06T04:34:49.163938Z","level":"info","event":"[IAShell STDOUT] Welcome to OpenText Information Archive 25.2 command line client (c) OpenText Corporation","chan":"stdout","logger":"task"}
{"timestamp":"2025-10-06T04:34:49.165504Z","level":"info","event":"[IAShell STDOUT] Type 'help' for a list of commands and options, type 'exit' to leave the shell.","chan":"stdout","logger":"task"}
{"timestamp":"2025-10-06T04:34:49.166084Z","level":"info","event":"[IAShell STDOUT]","chan":"stdout","logger":"task"}
{"timestamp":"2025-10-06T04:35:31.567273Z","level":"info","event":"[IAShell STDOUT] Connected to \"http://10.73.91.23:8080/restapi/services\" as sue@iacustomer.com","chan":"stdout","logger":"task"}
{"timestamp":"2025-10-06T04:35:33.656718Z","level":"info","event":"[IAShell STDOUT] Start Ingest at [2025-10-06 04:35:31]","chan":"stdout","logger":"task"}
{"timestamp":"2025-10-06T04:35:33.657436Z","level":"info","event":"[IAShell STDOUT]   Uploading file through gateway: /opt/airflow/./data/sipzips/creditcardholding_0-4455eb0b-26eb-467f-bd8a-bd59336c2e48.zip with size 38.03 KB.","chan":"stdout","logger":"task"}
{"timestamp":"2025-10-06T04:35:35.398975Z","level":"info","event":"[IAShell STDOUT]   [2025-10-06 04:35:35] Uploaded 38.03 KB.   Ingested 'creditcardholding_0-4455eb0b-26eb-467f-bd8a-bd59336c2e48.zip'. AIP id is '7e4b970c-49b6-412f-9051-e6d51c254977'. It took 1.713 second.","chan":"stdout","logger":"task"}
{"timestamp":"2025-10-06T04:35:35.556967Z","level":"info","event":"[IAShell STDOUT]   Uploading file through gateway: /opt/airflow/./data/sipzips/creditcardholding_0-d582720b-cd3a-4194-b359-12d0d5680c4a.zip with size 38.03 KB.","chan":"stdout","logger":"task"}
{"timestamp":"2025-10-06T04:35:36.772733Z","level":"info","event":"[IAShell STDOUT]   [2025-10-06 04:35:36] Uploaded 38.03 KB.   Ingested 'creditcardholding_0-d582720b-cd3a-4194-b359-12d0d5680c4a.zip'. AIP id is 'e5546af9-35c8-4603-9b6a-8c14239b8ac1'. It took 1.335 second.","chan":"stdout","logger":"task"}
{"timestamp":"2025-10-06T04:35:36.794006Z","level":"info","event":"[IAShell STDOUT]   Uploading file through gateway: /opt/airflow/./data/sipzips/creditcardholding_1-ae093691-f65e-4859-8295-b370b100ea4b.zip with size 626.44 KB.","chan":"stdout","logger":"task"}
{"timestamp":"2025-10-06T04:37:36.386051Z","level":"info","event":"[IAShell STDOUT]   [2025-10-06 04:37:36] Uploaded 626.44 KB.   Ingested 'creditcardholding_1-ae093691-f65e-4859-8295-b370b100ea4b.zip'. AIP id is 'a5351094-d6e9-4487-9174-ed9c05e5279b'. It took 1 minute 59 seconds.","chan":"stdout","logger":"task"}
{"timestamp":"2025-10-06T04:37:36.417311Z","level":"info","event":"[IAShell STDOUT]   Uploading file through gateway: /opt/airflow/./data/sipzips/creditcardholding_1-d922e532-aa33-4597-a9f3-5762d5a44789.zip with size 626.44 KB.","chan":"stdout","logger":"task"}
{"timestamp":"2025-10-06T04:39:33.665355Z","level":"info","event":"[IAShell STDOUT]   [2025-10-06 04:39:33] Uploaded 626.44 KB.   Ingested 'creditcardholding_1-d922e532-aa33-4597-a9f3-5762d5a44789.zip'. AIP id is 'f6499014-df69-455f-a8ec-0838f720fe23'. It took 1 minute 57 seconds.","chan":"stdout","logger":"task"}
{"timestamp":"2025-10-06T04:39:33.685595Z","level":"info","event":"[IAShell STDOUT]   Uploading file through gateway: /opt/airflow/./data/sipzips/creditcardholding_2-24400156-260a-454c-9d26-ec7a746ddfcc.zip with size 37.47 KB.","chan":"stdout","logger":"task"}
{"timestamp":"2025-10-06T04:39:35.308438Z","level":"info","event":"[IAShell STDOUT]   [2025-10-06 04:39:35] Uploaded 37.47 KB.   Ingested 'creditcardholding_2-24400156-260a-454c-9d26-ec7a746ddfcc.zip'. AIP id is 'a8ba8655-4161-46bb-a4c0-913fe182f0aa'. It took 1.625 second.","chan":"stdout","logger":"task"}
{"timestamp":"2025-10-06T04:39:35.681985Z","level":"info","event":"[IAShell STDOUT]   Uploading file through gateway: /opt/airflow/./data/sipzips/creditcardholding_2-d3435288-8cd3-456f-b905-0e7a5c90a8e6.zip with size 37.47 KB.","chan":"stdout","logger":"task"}
{"timestamp":"2025-10-06T04:39:36.913883Z","level":"info","event":"[IAShell STDOUT]   [2025-10-06 04:39:36] Uploaded 37.47 KB.   Ingested 'creditcardholding_2-d3435288-8cd3-456f-b905-0e7a5c90a8e6.zip'. AIP id is '7fa67eba-3b20-41a5-b8dd-0d6cfdab4aba'. It took 1.59 second.","chan":"stdout","logger":"task"}
{"timestamp":"2025-10-06T04:39:36.936416Z","level":"info","event":"[IAShell STDOUT]   Uploading file through gateway: /opt/airflow/./data/sipzips/creditcardholding_3-37dc9b14-d35c-4c82-89f0-07b2ed639bf2.zip with size 17.50 KB.","chan":"stdout","logger":"task"}
{"timestamp":"2025-10-06T04:39:37.942120Z","level":"info","event":"[IAShell STDOUT]   [2025-10-06 04:39:37] Uploaded 17.50 KB.   Ingested 'creditcardholding_3-37dc9b14-d35c-4c82-89f0-07b2ed639bf2.zip'. AIP id is 'd5f86606-22eb-44c3-874f-778ed7c41bf7'. It took 1.1 second.","chan":"stdout","logger":"task"}
{"timestamp":"2025-10-06T04:39:38.058637Z","level":"info","event":"[IAShell STDOUT]   Uploading file through gateway: /opt/airflow/./data/sipzips/creditcardholding_3-c073bea9-4216-4e21-95b0-fdf299e0a3f2.zip with size 17.50 KB.","chan":"stdout","logger":"task"}
{"timestamp":"2025-10-06T04:39:39.049281Z","level":"info","event":"[IAShell STDOUT]   [2025-10-06 04:39:39] Uploaded 17.50 KB.   Ingested 'creditcardholding_3-c073bea9-4216-4e21-95b0-fdf299e0a3f2.zip'. AIP id is '69d00e7e-a851-498e-b74e-302fa8adb96d'. It took 1.11 second.","chan":"stdout","logger":"task"}
{"timestamp":"2025-10-06T04:39:39.065904Z","level":"info","event":"[IAShell STDOUT]","chan":"stdout","logger":"task"}
{"timestamp":"2025-10-06T04:39:39.066952Z","level":"info","event":"[IAShell STDOUT]","chan":"stdout","logger":"task"}
{"timestamp":"2025-10-06T04:39:39.067431Z","level":"info","event":"[IAShell STDOUT]   Summary: 8/8 file(s) processed successfully.","chan":"stdout","logger":"task"}
{"timestamp":"2025-10-06T04:39:39.071398Z","level":"info","event":"[IAShell STDOUT] OK","chan":"stdout","logger":"task"}
{"timestamp":"2025-10-06T04:39:39.072091Z","level":"info","event":"[IAShell STDOUT] End Ingest at [2025-10-06 04:39:39]","chan":"stdout","logger":"task"}
{"timestamp":"2025-10-06T04:39:39.079632Z","level":"info","event":"[IAShell STDOUT] Ingest took 4 minutes 7 seconds","chan":"stdout","logger":"task"}
{"timestamp":"2025-10-06T04:39:39.083649Z","level":"info","event":"[IAShell STDOUT]","chan":"stdout","logger":"task"}
{"timestamp":"2025-10-06T04:39:39.675328","level":"info","event":"Done. Returned value was: IAShell completed successfully.","logger":"airflow.task.operators.airflow.providers.standard.decorators.python._PythonDecoratedOperator"}
{"timestamp":"2025-10-06T04:39:39.682174","level":"info","event":"Pushing xcom","ti":"RuntimeTaskInstance(id=UUID('0199b7cc-c3ea-7685-a1b8-61aeb33ba3c7'), task_id='run_iashell', dag_id='IA_SIP_Ingest_Dag', run_id='manual_1759725274035', try_number=1, map_index=-1, hostname='c5f695e165db', context_carrier={}, task=<Task(_PythonDecoratedOperator): run_iashell>, bundle_instance=LocalDagBundle(name=dags-folder), max_tries=1, start_date=datetime.datetime(2025, 10, 6, 4, 34, 36, 14095, tzinfo=TzInfo(UTC)), end_date=None, state=<TaskInstanceState.RUNNING: 'running'>, is_mapped=False, rendered_map_index=None)","logger":"task"}
