{"timestamp":"2025-09-30T09:05:47.582090","level":"info","event":"DAG bundles loaded: dags-folder","logger":"airflow.dag_processing.bundles.manager.DagBundlesManager"}
{"timestamp":"2025-09-30T09:05:47.586206","level":"info","event":"Filling up the DagBag from /opt/airflow/dags/IA_Generate_Master_Sip.py","logger":"airflow.models.dagbag.DagBag"}
{"timestamp":"2025-09-30T09:05:48.383173Z","level":"info","event":"Attachments to add: {'transaction_CUST000098.pdf', 'transaction_CUST000090.pdf', 'transaction_CUST000048.pdf', 'transaction_CUST000002.pdf', 'transaction_CUST000044.pdf', 'transaction_CUST000054.pdf', 'transaction_CUST000017.pdf', 'transaction_CUST000001.pdf', 'transaction_CUST000033.pdf', 'transaction_CUST000041.pdf', 'transaction_CUST000026.pdf', 'transaction_CUST000059.pdf', 'transaction_CUST000069.pdf', 'transaction_CUST000046.pdf', 'transaction_CUST000025.pdf', 'transaction_CUST000052.pdf', 'transaction_CUST000003.pdf', 'transaction_CUST000042.pdf', 'transaction_CUST000045.pdf', 'transaction_CUST000055.pdf', 'transaction_CUST000015.pdf', 'transaction_CUST000096.pdf', 'transaction_CUST000028.pdf', 'transaction_CUST000050.pdf', 'transaction_CUST000013.pdf', 'transaction_CUST000011.pdf', 'transaction_CUST000065.pdf', 'transaction_CUST000074.pdf', 'transaction_CUST000061.pdf', 'transaction_CUST000100.pdf', 'transaction_CUST000073.pdf', 'transaction_CUST000030.pdf', 'transaction_CUST000023.pdf', 'transaction_CUST000036.pdf', 'transaction_CUST000092.pdf', 'transaction_CUST000093.pdf', 'transaction_CUST000097.pdf', 'transaction_CUST000034.pdf', 'transaction_CUST000032.pdf', 'transaction_CUST000057.pdf', 'transaction_CUST000049.pdf', 'transaction_CUST000021.pdf', 'transaction_CUST000095.pdf', 'transaction_CUST000058.pdf', 'transaction_CUST000081.pdf', 'transaction_CUST000088.pdf', 'transaction_CUST000016.pdf', 'transaction_CUST000078.pdf', 'transaction_CUST000089.pdf', 'transaction_CUST000039.pdf', 'transaction_CUST000040.pdf', 'transaction_CUST000080.pdf', 'transaction_CUST000094.pdf', 'transaction_CUST000035.pdf', 'transaction_CUST000031.pdf', 'transaction_CUST000087.pdf', 'transaction_CUST000084.pdf', 'transaction_CUST000071.pdf', 'transaction_CUST000018.pdf', 'transaction_CUST000009.pdf', 'transaction_CUST000079.pdf', 'transaction_CUST000053.pdf', 'transaction_CUST000022.pdf', 'transaction_CUST000083.pdf', 'transaction_CUST000062.pdf', 'transaction_CUST000056.pdf', 'transaction_CUST000060.pdf', 'transaction_CUST000076.pdf', 'transaction_CUST000099.pdf', 'transaction_CUST000077.pdf', 'transaction_CUST000005.pdf', 'transaction_CUST000067.pdf', 'transaction_CUST000082.pdf', 'transaction_CUST000010.pdf', 'transaction_CUST000051.pdf', 'transaction_CUST000004.pdf', 'transaction_CUST000091.pdf', 'transaction_CUST000037.pdf', 'transaction_CUST000063.pdf', 'transaction_CUST000068.pdf', 'transaction_CUST000029.pdf', 'transaction_CUST000072.pdf', 'transaction_CUST000020.pdf', 'transaction_CUST000043.pdf', 'transaction_CUST000064.pdf', 'transaction_CUST000024.pdf', 'transaction_CUST000085.pdf', 'transaction_CUST000027.pdf', 'transaction_CUST000070.pdf', 'transaction_CUST000066.pdf', 'transaction_CUST000075.pdf', 'transaction_CUST000047.pdf', 'transaction_CUST000019.pdf', 'transaction_CUST000014.pdf', 'transaction_CUST000008.pdf', 'transaction_CUST000038.pdf', 'transaction_CUST000007.pdf', 'transaction_CUST000012.pdf', 'transaction_CUST000006.pdf', 'transaction_CUST000086.pdf'}","chan":"stdout","logger":"task"}
{"timestamp":"2025-09-30T09:05:48.973816Z","level":"info","event":"[STUDY] Total records: 100","chan":"stdout","logger":"task"}
{"timestamp":"2025-09-30T09:05:48.974492Z","level":"info","event":"[STUDY] Total unique attachments: 100","chan":"stdout","logger":"task"}
{"timestamp":"2025-09-30T09:05:48.977706Z","level":"info","event":"[STUDY] Total attachment size: 2506986 KB","chan":"stdout","logger":"task"}
{"timestamp":"2025-09-30T09:05:49.622408Z","level":"info","event":"[CLUSTER] Total SIPs to create: 12","chan":"stdout","logger":"task"}
{"timestamp":"2025-09-30T09:05:49.696929Z","level":"info","event":"[DEBUG] child_element value: Record","chan":"stdout","logger":"task"}
{"timestamp":"2025-09-30T09:05:49.716301Z","level":"info","event":"[DEBUG] Found 2 elements for tag 'Record' with search_tag './/ns:Record' and ns {'ns': 'urn:eas-samples:en:xsd:creditcardholding.1.0'}","chan":"stdout","logger":"task"}
{"timestamp":"2025-09-30T09:05:49.830560Z","level":"info","event":"✅ PDI XML validation result: True","chan":"stdout","logger":"task"}
{"timestamp":"2025-09-30T09:05:49.831481Z","level":"info","event":"Attachments to add: {'transaction_CUST000001.pdf', 'transaction_CUST000002.pdf'}","chan":"stdout","logger":"task"}
{"timestamp":"2025-09-30T09:05:49.843314Z","level":"info","event":"✅ XML written to ./data/output/sip_0_tmp/eas_sip.xml","chan":"stdout","logger":"task"}
{"timestamp":"2025-09-30T09:05:49.897948Z","level":"info","event":"✅ SIP ZIP created: ./data/sipzips/creditcardholding_0-6d31bf4b-167f-41ca-a76e-18a9cb009582.zip (0.01 MB)","chan":"stdout","logger":"task"}
{"timestamp":"2025-09-30T09:05:49.902174Z","level":"info","event":"[CLUSTER] SIP 0 size: 4 KB, records: 2","chan":"stdout","logger":"task"}
{"timestamp":"2025-09-30T09:06:07.891363Z","level":"info","event":"[DEBUG] child_element value: Record","chan":"stdout","logger":"task"}
{"timestamp":"2025-09-30T09:06:07.910064Z","level":"info","event":"[DEBUG] Found 1 elements for tag 'Record' with search_tag './/ns:Record' and ns {'ns': 'urn:eas-samples:en:xsd:creditcardholding.1.0'}","chan":"stdout","logger":"task"}
{"timestamp":"2025-09-30T09:06:07.986037Z","level":"info","event":"✅ PDI XML validation result: True","chan":"stdout","logger":"task"}
{"timestamp":"2025-09-30T09:06:07.997112Z","level":"info","event":"Attachments to add: {'transaction_CUST000003.pdf'}","chan":"stdout","logger":"task"}
{"timestamp":"2025-09-30T09:06:08.090664Z","level":"info","event":"✅ XML written to ./data/output/sip_1_tmp/eas_sip.xml","chan":"stdout","logger":"task"}
{"timestamp":"2025-09-30T09:07:02.551705Z","level":"info","event":"✅ SIP ZIP created: ./data/sipzips/creditcardholding_1-baf53732-62ab-4afa-833b-0ed18751489d.zip (612.00 MB)","chan":"stdout","logger":"task"}
{"timestamp":"2025-09-30T09:07:02.557530Z","level":"info","event":"[CLUSTER] SIP 1 size: 611 KB, records: 1","chan":"stdout","logger":"task"}
{"timestamp":"2025-09-30T09:07:02.868107Z","level":"info","event":"[DEBUG] child_element value: Record","chan":"stdout","logger":"task"}
{"timestamp":"2025-09-30T09:07:02.874186Z","level":"info","event":"[DEBUG] Found 14 elements for tag 'Record' with search_tag './/ns:Record' and ns {'ns': 'urn:eas-samples:en:xsd:creditcardholding.1.0'}","chan":"stdout","logger":"task"}
{"timestamp":"2025-09-30T09:07:02.901458Z","level":"info","event":"✅ PDI XML validation result: True","chan":"stdout","logger":"task"}
{"timestamp":"2025-09-30T09:07:02.902005Z","level":"info","event":"Attachments to add: {'transaction_CUST000011.pdf', 'transaction_CUST000010.pdf', 'transaction_CUST000005.pdf', 'transaction_CUST000008.pdf', 'transaction_CUST000007.pdf', 'transaction_CUST000012.pdf', 'transaction_CUST000017.pdf', 'transaction_CUST000015.pdf', 'transaction_CUST000006.pdf', 'transaction_CUST000009.pdf', 'transaction_CUST000013.pdf', 'transaction_CUST000016.pdf', 'transaction_CUST000004.pdf', 'transaction_CUST000014.pdf'}","chan":"stdout","logger":"task"}
{"timestamp":"2025-09-30T09:07:02.914079Z","level":"info","event":"✅ XML written to ./data/output/sip_2_tmp/eas_sip.xml","chan":"stdout","logger":"task"}
{"timestamp":"2025-09-30T09:07:03.154446Z","level":"info","event":"✅ SIP ZIP created: ./data/sipzips/creditcardholding_2-983627bd-4171-4d1e-a55c-e1f9872e7bdc.zip (0.04 MB)","chan":"stdout","logger":"task"}
{"timestamp":"2025-09-30T09:07:03.159435Z","level":"info","event":"[CLUSTER] SIP 2 size: 25 KB, records: 14","chan":"stdout","logger":"task"}
{"timestamp":"2025-09-30T09:07:22.095919Z","level":"info","event":"[DEBUG] child_element value: Record","chan":"stdout","logger":"task"}
{"timestamp":"2025-09-30T09:07:22.102010Z","level":"info","event":"[DEBUG] Found 1 elements for tag 'Record' with search_tag './/ns:Record' and ns {'ns': 'urn:eas-samples:en:xsd:creditcardholding.1.0'}","chan":"stdout","logger":"task"}
{"timestamp":"2025-09-30T09:07:22.129599Z","level":"info","event":"✅ PDI XML validation result: True","chan":"stdout","logger":"task"}
{"timestamp":"2025-09-30T09:07:22.130154Z","level":"info","event":"Attachments to add: {'transaction_CUST000018.pdf'}","chan":"stdout","logger":"task"}
{"timestamp":"2025-09-30T09:07:22.147501Z","level":"info","event":"✅ XML written to ./data/output/sip_3_tmp/eas_sip.xml","chan":"stdout","logger":"task"}
{"timestamp":"2025-09-30T09:08:20.085420Z","level":"info","event":"✅ SIP ZIP created: ./data/sipzips/creditcardholding_3-d3077b3e-2fe9-49cc-b023-82ebb19a3506.zip (612.00 MB)","chan":"stdout","logger":"task"}
{"timestamp":"2025-09-30T09:08:20.090402Z","level":"info","event":"[CLUSTER] SIP 3 size: 612 KB, records: 1","chan":"stdout","logger":"task"}
{"timestamp":"2025-09-30T09:08:20.344059Z","level":"info","event":"[DEBUG] child_element value: Record","chan":"stdout","logger":"task"}
{"timestamp":"2025-09-30T09:08:20.361189Z","level":"info","event":"[DEBUG] Found 20 elements for tag 'Record' with search_tag './/ns:Record' and ns {'ns': 'urn:eas-samples:en:xsd:creditcardholding.1.0'}","chan":"stdout","logger":"task"}
{"timestamp":"2025-09-30T09:08:20.389920Z","level":"info","event":"✅ PDI XML validation result: True","chan":"stdout","logger":"task"}
{"timestamp":"2025-09-30T09:08:20.390610Z","level":"info","event":"Attachments to add: {'transaction_CUST000030.pdf', 'transaction_CUST000037.pdf', 'transaction_CUST000023.pdf', 'transaction_CUST000035.pdf', 'transaction_CUST000036.pdf', 'transaction_CUST000031.pdf', 'transaction_CUST000029.pdf', 'transaction_CUST000020.pdf', 'transaction_CUST000033.pdf', 'transaction_CUST000024.pdf', 'transaction_CUST000026.pdf', 'transaction_CUST000034.pdf', 'transaction_CUST000027.pdf', 'transaction_CUST000022.pdf', 'transaction_CUST000032.pdf', 'transaction_CUST000025.pdf', 'transaction_CUST000021.pdf', 'transaction_CUST000019.pdf', 'transaction_CUST000038.pdf', 'transaction_CUST000028.pdf'}","chan":"stdout","logger":"task"}
{"timestamp":"2025-09-30T09:08:20.402458Z","level":"info","event":"✅ XML written to ./data/output/sip_4_tmp/eas_sip.xml","chan":"stdout","logger":"task"}
{"timestamp":"2025-09-30T09:08:20.650608Z","level":"info","event":"✅ SIP ZIP created: ./data/sipzips/creditcardholding_4-5a043c68-ad53-467e-af7a-231a39a899ec.zip (0.06 MB)","chan":"stdout","logger":"task"}
{"timestamp":"2025-09-30T09:08:20.654714Z","level":"info","event":"[CLUSTER] SIP 4 size: 36 KB, records: 20","chan":"stdout","logger":"task"}
{"timestamp":"2025-09-30T09:08:21.537169Z","level":"info","event":"[DEBUG] child_element value: Record","chan":"stdout","logger":"task"}
{"timestamp":"2025-09-30T09:08:21.547414Z","level":"info","event":"[DEBUG] Found 20 elements for tag 'Record' with search_tag './/ns:Record' and ns {'ns': 'urn:eas-samples:en:xsd:creditcardholding.1.0'}","chan":"stdout","logger":"task"}
{"timestamp":"2025-09-30T09:08:21.588242Z","level":"info","event":"✅ PDI XML validation result: True","chan":"stdout","logger":"task"}
{"timestamp":"2025-09-30T09:08:21.589623Z","level":"info","event":"Attachments to add: {'transaction_CUST000051.pdf', 'transaction_CUST000048.pdf', 'transaction_CUST000040.pdf', 'transaction_CUST000039.pdf', 'transaction_CUST000054.pdf', 'transaction_CUST000044.pdf', 'transaction_CUST000043.pdf', 'transaction_CUST000041.pdf', 'transaction_CUST000053.pdf', 'transaction_CUST000056.pdf', 'transaction_CUST000046.pdf', 'transaction_CUST000052.pdf', 'transaction_CUST000057.pdf', 'transaction_CUST000047.pdf', 'transaction_CUST000049.pdf', 'transaction_CUST000042.pdf', 'transaction_CUST000045.pdf', 'transaction_CUST000058.pdf', 'transaction_CUST000055.pdf', 'transaction_CUST000050.pdf'}","chan":"stdout","logger":"task"}
{"timestamp":"2025-09-30T09:08:21.602606Z","level":"info","event":"✅ XML written to ./data/output/sip_5_tmp/eas_sip.xml","chan":"stdout","logger":"task"}
{"timestamp":"2025-09-30T09:08:21.868396Z","level":"info","event":"✅ SIP ZIP created: ./data/sipzips/creditcardholding_5-f56dc4d9-502c-495f-a769-63cb78f988f6.zip (0.06 MB)","chan":"stdout","logger":"task"}
{"timestamp":"2025-09-30T09:08:21.872367Z","level":"info","event":"[CLUSTER] SIP 5 size: 35 KB, records: 20","chan":"stdout","logger":"task"}
{"timestamp":"2025-09-30T09:08:22.172359Z","level":"info","event":"[DEBUG] child_element value: Record","chan":"stdout","logger":"task"}
{"timestamp":"2025-09-30T09:08:22.180075Z","level":"info","event":"[DEBUG] Found 20 elements for tag 'Record' with search_tag './/ns:Record' and ns {'ns': 'urn:eas-samples:en:xsd:creditcardholding.1.0'}","chan":"stdout","logger":"task"}
{"timestamp":"2025-09-30T09:08:22.212052Z","level":"info","event":"✅ PDI XML validation result: True","chan":"stdout","logger":"task"}
{"timestamp":"2025-09-30T09:08:22.212749Z","level":"info","event":"Attachments to add: {'transaction_CUST000078.pdf', 'transaction_CUST000065.pdf', 'transaction_CUST000074.pdf', 'transaction_CUST000061.pdf', 'transaction_CUST000073.pdf', 'transaction_CUST000063.pdf', 'transaction_CUST000068.pdf', 'transaction_CUST000072.pdf', 'transaction_CUST000071.pdf', 'transaction_CUST000064.pdf', 'transaction_CUST000059.pdf', 'transaction_CUST000069.pdf', 'transaction_CUST000070.pdf', 'transaction_CUST000062.pdf', 'transaction_CUST000066.pdf', 'transaction_CUST000060.pdf', 'transaction_CUST000076.pdf', 'transaction_CUST000075.pdf', 'transaction_CUST000077.pdf', 'transaction_CUST000067.pdf'}","chan":"stdout","logger":"task"}
{"timestamp":"2025-09-30T09:08:22.225214Z","level":"info","event":"✅ XML written to ./data/output/sip_6_tmp/eas_sip.xml","chan":"stdout","logger":"task"}
{"timestamp":"2025-09-30T09:08:22.527932Z","level":"info","event":"✅ SIP ZIP created: ./data/sipzips/creditcardholding_6-0aefb5c8-b85e-4a6a-a714-954b97cc21c6.zip (0.06 MB)","chan":"stdout","logger":"task"}
{"timestamp":"2025-09-30T09:08:22.532582Z","level":"info","event":"[CLUSTER] SIP 6 size: 35 KB, records: 20","chan":"stdout","logger":"task"}
{"timestamp":"2025-09-30T09:08:22.707588Z","level":"info","event":"[DEBUG] child_element value: Record","chan":"stdout","logger":"task"}
{"timestamp":"2025-09-30T09:08:22.737035Z","level":"info","event":"[DEBUG] Found 9 elements for tag 'Record' with search_tag './/ns:Record' and ns {'ns': 'urn:eas-samples:en:xsd:creditcardholding.1.0'}","chan":"stdout","logger":"task"}
{"timestamp":"2025-09-30T09:08:22.747253Z","level":"info","event":"✅ PDI XML validation result: True","chan":"stdout","logger":"task"}
{"timestamp":"2025-09-30T09:08:22.750377Z","level":"info","event":"Attachments to add: {'transaction_CUST000083.pdf', 'transaction_CUST000081.pdf', 'transaction_CUST000087.pdf', 'transaction_CUST000084.pdf', 'transaction_CUST000086.pdf', 'transaction_CUST000080.pdf', 'transaction_CUST000085.pdf', 'transaction_CUST000079.pdf', 'transaction_CUST000082.pdf'}","chan":"stdout","logger":"task"}
{"timestamp":"2025-09-30T09:08:22.764186Z","level":"info","event":"✅ XML written to ./data/output/sip_7_tmp/eas_sip.xml","chan":"stdout","logger":"task"}
{"timestamp":"2025-09-30T09:08:22.960948Z","level":"info","event":"✅ SIP ZIP created: ./data/sipzips/creditcardholding_7-bc182003-eeb8-438e-954a-ad5e068733be.zip (0.03 MB)","chan":"stdout","logger":"task"}
{"timestamp":"2025-09-30T09:08:22.966075Z","level":"info","event":"[CLUSTER] SIP 7 size: 16 KB, records: 9","chan":"stdout","logger":"task"}
{"timestamp":"2025-09-30T09:08:41.163756Z","level":"info","event":"[DEBUG] child_element value: Record","chan":"stdout","logger":"task"}
{"timestamp":"2025-09-30T09:08:41.175605Z","level":"info","event":"[DEBUG] Found 1 elements for tag 'Record' with search_tag './/ns:Record' and ns {'ns': 'urn:eas-samples:en:xsd:creditcardholding.1.0'}","chan":"stdout","logger":"task"}
{"timestamp":"2025-09-30T09:08:41.213090Z","level":"info","event":"✅ PDI XML validation result: True","chan":"stdout","logger":"task"}
{"timestamp":"2025-09-30T09:08:41.214715Z","level":"info","event":"Attachments to add: {'transaction_CUST000088.pdf'}","chan":"stdout","logger":"task"}
{"timestamp":"2025-09-30T09:08:41.234345Z","level":"info","event":"✅ XML written to ./data/output/sip_8_tmp/eas_sip.xml","chan":"stdout","logger":"task"}
{"timestamp":"2025-09-30T09:09:35.766777Z","level":"info","event":"✅ SIP ZIP created: ./data/sipzips/creditcardholding_8-95fd6c74-2329-4388-8773-8d990f2e50b2.zip (612.00 MB)","chan":"stdout","logger":"task"}
{"timestamp":"2025-09-30T09:09:35.770695Z","level":"info","event":"[CLUSTER] SIP 8 size: 612 KB, records: 1","chan":"stdout","logger":"task"}
{"timestamp":"2025-09-30T09:09:35.857485Z","level":"info","event":"[DEBUG] child_element value: Record","chan":"stdout","logger":"task"}
{"timestamp":"2025-09-30T09:09:35.869814Z","level":"info","event":"[DEBUG] Found 4 elements for tag 'Record' with search_tag './/ns:Record' and ns {'ns': 'urn:eas-samples:en:xsd:creditcardholding.1.0'}","chan":"stdout","logger":"task"}
{"timestamp":"2025-09-30T09:09:35.922358Z","level":"info","event":"✅ PDI XML validation result: True","chan":"stdout","logger":"task"}
{"timestamp":"2025-09-30T09:09:35.923082Z","level":"info","event":"Attachments to add: {'transaction_CUST000092.pdf', 'transaction_CUST000090.pdf', 'transaction_CUST000091.pdf', 'transaction_CUST000089.pdf'}","chan":"stdout","logger":"task"}
{"timestamp":"2025-09-30T09:09:35.941268Z","level":"info","event":"✅ XML written to ./data/output/sip_9_tmp/eas_sip.xml","chan":"stdout","logger":"task"}
{"timestamp":"2025-09-30T09:09:36.012689Z","level":"info","event":"✅ SIP ZIP created: ./data/sipzips/creditcardholding_9-4c307e94-7257-4b99-97a7-c0d9fb2c063e.zip (0.01 MB)","chan":"stdout","logger":"task"}
{"timestamp":"2025-09-30T09:09:36.017392Z","level":"info","event":"[CLUSTER] SIP 9 size: 7 KB, records: 4","chan":"stdout","logger":"task"}
{"timestamp":"2025-09-30T09:09:51.678848Z","level":"info","event":"[DEBUG] child_element value: Record","chan":"stdout","logger":"task"}
{"timestamp":"2025-09-30T09:09:51.687263Z","level":"info","event":"[DEBUG] Found 1 elements for tag 'Record' with search_tag './/ns:Record' and ns {'ns': 'urn:eas-samples:en:xsd:creditcardholding.1.0'}","chan":"stdout","logger":"task"}
{"timestamp":"2025-09-30T09:09:51.723886Z","level":"info","event":"✅ PDI XML validation result: True","chan":"stdout","logger":"task"}
{"timestamp":"2025-09-30T09:09:51.730356Z","level":"info","event":"Attachments to add: {'transaction_CUST000093.pdf'}","chan":"stdout","logger":"task"}
{"timestamp":"2025-09-30T09:09:51.741391Z","level":"info","event":"✅ XML written to ./data/output/sip_10_tmp/eas_sip.xml","chan":"stdout","logger":"task"}
{"timestamp":"2025-09-30T09:10:48.932023Z","level":"info","event":"✅ SIP ZIP created: ./data/sipzips/creditcardholding_10-5a8a8b16-8204-40b6-b4ab-cdcc8e04bc25.zip (612.00 MB)","chan":"stdout","logger":"task"}
{"timestamp":"2025-09-30T09:10:48.937344Z","level":"info","event":"[CLUSTER] SIP 10 size: 611 KB, records: 1","chan":"stdout","logger":"task"}
{"timestamp":"2025-09-30T09:10:49.067340Z","level":"info","event":"[DEBUG] child_element value: Record","chan":"stdout","logger":"task"}
{"timestamp":"2025-09-30T09:10:49.074311Z","level":"info","event":"[DEBUG] Found 7 elements for tag 'Record' with search_tag './/ns:Record' and ns {'ns': 'urn:eas-samples:en:xsd:creditcardholding.1.0'}","chan":"stdout","logger":"task"}
{"timestamp":"2025-09-30T09:10:49.110679Z","level":"info","event":"✅ PDI XML validation result: True","chan":"stdout","logger":"task"}
{"timestamp":"2025-09-30T09:10:49.116987Z","level":"info","event":"Attachments to add: {'transaction_CUST000097.pdf', 'transaction_CUST000098.pdf', 'transaction_CUST000099.pdf', 'transaction_CUST000100.pdf', 'transaction_CUST000096.pdf', 'transaction_CUST000094.pdf', 'transaction_CUST000095.pdf'}","chan":"stdout","logger":"task"}
{"timestamp":"2025-09-30T09:10:49.129600Z","level":"info","event":"✅ XML written to ./data/output/sip_11_tmp/eas_sip.xml","chan":"stdout","logger":"task"}
{"timestamp":"2025-09-30T09:10:49.327262Z","level":"info","event":"✅ SIP ZIP created: ./data/sipzips/creditcardholding_11-2cd9c9c1-a6f6-4278-a43e-b7269ca2145b.zip (0.02 MB)","chan":"stdout","logger":"task"}
{"timestamp":"2025-09-30T09:10:49.339797Z","level":"info","event":"[CLUSTER] SIP 11 size: 13 KB, records: 7","chan":"stdout","logger":"task"}
{"timestamp":"2025-09-30T09:10:49.393995","level":"info","event":"Done. Returned value was: ['./data/sipzips/creditcardholding_0-6d31bf4b-167f-41ca-a76e-18a9cb009582.zip', './data/sipzips/creditcardholding_1-baf53732-62ab-4afa-833b-0ed18751489d.zip', './data/sipzips/creditcardholding_2-983627bd-4171-4d1e-a55c-e1f9872e7bdc.zip', './data/sipzips/creditcardholding_3-d3077b3e-2fe9-49cc-b023-82ebb19a3506.zip', './data/sipzips/creditcardholding_4-5a043c68-ad53-467e-af7a-231a39a899ec.zip', './data/sipzips/creditcardholding_5-f56dc4d9-502c-495f-a769-63cb78f988f6.zip', './data/sipzips/creditcardholding_6-0aefb5c8-b85e-4a6a-a714-954b97cc21c6.zip', './data/sipzips/creditcardholding_7-bc182003-eeb8-438e-954a-ad5e068733be.zip', './data/sipzips/creditcardholding_8-95fd6c74-2329-4388-8773-8d990f2e50b2.zip', './data/sipzips/creditcardholding_9-4c307e94-7257-4b99-97a7-c0d9fb2c063e.zip', './data/sipzips/creditcardholding_10-5a8a8b16-8204-40b6-b4ab-cdcc8e04bc25.zip', './data/sipzips/creditcardholding_11-2cd9c9c1-a6f6-4278-a43e-b7269ca2145b.zip']","logger":"airflow.task.operators.airflow.providers.standard.decorators.python._PythonDecoratedOperator"}
{"timestamp":"2025-09-30T09:10:49.397389","level":"info","event":"Pushing xcom","ti":"RuntimeTaskInstance(id=UUID('019999de-a34c-77ac-8dbd-af8e3a1aeda1'), task_id='package_sips', dag_id='IA_Generate_Master_Sip', run_id='manual_1759223128688', try_number=1, map_index=-1, hostname='c5f695e165db', context_carrier={}, task=<Task(_PythonDecoratedOperator): package_sips>, bundle_instance=LocalDagBundle(name=dags-folder), max_tries=0, start_date=datetime.datetime(2025, 9, 30, 9, 5, 45, 181391, tzinfo=TzInfo(UTC)), end_date=None, state=<TaskInstanceState.RUNNING: 'running'>, is_mapped=False, rendered_map_index=None)","logger":"task"}
