{"timestamp":"2025-10-15T05:53:45.516261","level":"info","event":"DAG bundles loaded: dags-folder","logger":"airflow.dag_processing.bundles.manager.DagBundlesManager"}
{"timestamp":"2025-10-15T05:53:45.516904","level":"info","event":"Filling up the DagBag from /opt/airflow/dags/IA_SIP_Ingest_Dag.py","logger":"airflow.models.dagbag.DagBag"}
{"timestamp":"2025-10-15T05:53:45.609024Z","level":"info","event":"[DEBUG] Running command: \"/opt/airflow/scripts/iashell/bin/iashell.sh\" script \"/opt/airflow/data/output/install-CreditCardStatementsArchive.iashell\"","chan":"stdout","logger":"task"}
{"timestamp":"2025-10-15T05:53:45.609886Z","level":"info","event":"[IAShell STDOUT] checking from IAShell script directly","chan":"stdout","logger":"task"}
{"timestamp":"2025-10-15T05:53:45.610363Z","level":"info","event":"[IAShell STDOUT] /opt/java/temurin-21","chan":"stdout","logger":"task"}
{"timestamp":"2025-10-15T05:53:45.610811Z","level":"info","event":"[IAShell STDOUT] /opt/maven/bin:/opt/java/temurin-21/bin:/root/bin:/home/airflow/.local/bin:/usr/local/bin:/usr/local/sbin:/usr/local/bin:/usr/sbin:/usr/bin:/sbin:/bin","chan":"stdout","logger":"task"}
{"timestamp":"2025-10-15T05:53:54.917786Z","level":"info","event":"[IAShell STDOUT] Welcome to OpenText Information Archive 25.2 command line client (c) OpenText Corporation","chan":"stdout","logger":"task"}
{"timestamp":"2025-10-15T05:53:54.922672Z","level":"info","event":"[IAShell STDOUT] Type 'help' for a list of commands and options, type 'exit' to leave the shell.","chan":"stdout","logger":"task"}
{"timestamp":"2025-10-15T05:53:54.923209Z","level":"info","event":"[IAShell STDOUT]","chan":"stdout","logger":"task"}
{"timestamp":"2025-10-15T05:54:53.091409Z","level":"info","event":"[IAShell STDOUT] Connected to \"http://10.73.91.23:8080/restapi/services\" as sue@iacustomer.com","chan":"stdout","logger":"task"}
{"timestamp":"2025-10-15T05:54:56.068877Z","level":"info","event":"[IAShell STDOUT] Start Ingest at [2025-10-15 05:54:53]","chan":"stdout","logger":"task"}
{"timestamp":"2025-10-15T05:54:56.070617Z","level":"info","event":"[IAShell STDOUT]   Uploading file through gateway: /opt/airflow/./data/sipzips/creditcardholding_0-5765ca75-821a-4f75-bd9d-4b22c97ae709.zip with size 38.03 KB.","chan":"stdout","logger":"task"}
{"timestamp":"2025-10-15T05:55:04.609371Z","level":"info","event":"[IAShell STDOUT]   [2025-10-15 05:55:03] Uploaded 38.03 KB.   Ingested 'creditcardholding_0-5765ca75-821a-4f75-bd9d-4b22c97ae709.zip'. AIP id is 'e856970a-40b1-4c24-9d86-4aeb319ddb80'. It took 7.734 seconds.","chan":"stdout","logger":"task"}
{"timestamp":"2025-10-15T05:55:04.618591Z","level":"info","event":"[IAShell STDOUT]   Uploading file through gateway: /opt/airflow/./data/sipzips/creditcardholding_1-802babce-7199-4d0b-8ba6-b0e0de4fa594.zip with size 626.44 KB.","chan":"stdout","logger":"task"}
{"timestamp":"2025-10-15T05:57:05.080534Z","level":"info","event":"[IAShell STDOUT]   [2025-10-15 05:57:04] Uploaded 626.44 KB.   Ingested 'creditcardholding_1-802babce-7199-4d0b-8ba6-b0e0de4fa594.zip'. AIP id is '382a9d56-8c6f-4009-8557-58bf2b3f7bf2'. It took 2 minutes.","chan":"stdout","logger":"task"}
{"timestamp":"2025-10-15T05:57:05.107335Z","level":"info","event":"[IAShell STDOUT]   Uploading file through gateway: /opt/airflow/./data/sipzips/creditcardholding_2-877446e9-5e88-4daa-b455-f650d4b9d11d.zip with size 37.47 KB.","chan":"stdout","logger":"task"}
{"timestamp":"2025-10-15T05:57:06.714300Z","level":"info","event":"[IAShell STDOUT]   [2025-10-15 05:57:06] Uploaded 37.47 KB.   Ingested 'creditcardholding_2-877446e9-5e88-4daa-b455-f650d4b9d11d.zip'. AIP id is '7680d7d8-6414-4e50-b4ef-88010a85bc83'. It took 1.605 second.","chan":"stdout","logger":"task"}
{"timestamp":"2025-10-15T05:57:06.721418Z","level":"info","event":"[IAShell STDOUT]   Uploading file through gateway: /opt/airflow/./data/sipzips/creditcardholding_3-f51b2f27-2a8e-4373-bfff-d19e462a4dda.zip with size 17.50 KB.","chan":"stdout","logger":"task"}
{"timestamp":"2025-10-15T05:57:08.033571Z","level":"info","event":"[IAShell STDOUT]   [2025-10-15 05:57:08] Uploaded 17.50 KB.   Ingested 'creditcardholding_3-f51b2f27-2a8e-4373-bfff-d19e462a4dda.zip'. AIP id is 'de221d27-c9a9-40a8-b0a1-8d0ddad39142'. It took 1.306 second.","chan":"stdout","logger":"task"}
{"timestamp":"2025-10-15T05:57:08.077596Z","level":"info","event":"[IAShell STDOUT]","chan":"stdout","logger":"task"}
{"timestamp":"2025-10-15T05:57:08.085914Z","level":"info","event":"[IAShell STDOUT]","chan":"stdout","logger":"task"}
{"timestamp":"2025-10-15T05:57:08.097614Z","level":"info","event":"[IAShell STDOUT]   Summary: 4/4 file(s) processed successfully.","chan":"stdout","logger":"task"}
{"timestamp":"2025-10-15T05:57:08.116924Z","level":"info","event":"[IAShell STDOUT] OK","chan":"stdout","logger":"task"}
{"timestamp":"2025-10-15T05:57:08.117489Z","level":"info","event":"[IAShell STDOUT] End Ingest at [2025-10-15 05:57:08]","chan":"stdout","logger":"task"}
{"timestamp":"2025-10-15T05:57:08.117916Z","level":"info","event":"[IAShell STDOUT] Ingest took 2 minutes 14 seconds","chan":"stdout","logger":"task"}
{"timestamp":"2025-10-15T05:57:08.118285Z","level":"info","event":"[IAShell STDOUT]","chan":"stdout","logger":"task"}
{"timestamp":"2025-10-15T05:57:08.854161","level":"info","event":"Done. Returned value was: IAShell completed successfully.","logger":"airflow.task.operators.airflow.providers.standard.decorators.python._PythonDecoratedOperator"}
{"timestamp":"2025-10-15T05:57:08.893456","level":"info","event":"Pushing xcom","ti":"RuntimeTaskInstance(id=UUID('0199e66e-72d0-7787-bf3c-1fcc26592231'), task_id='run_iashell', dag_id='IA_SIP_Ingest_Dag', run_id='manual_1760507621977', try_number=1, map_index=-1, hostname='c488275c2d21', context_carrier={}, task=<Task(_PythonDecoratedOperator): run_iashell>, bundle_instance=LocalDagBundle(name=dags-folder), max_tries=1, start_date=datetime.datetime(2025, 10, 15, 5, 53, 45, 97111, tzinfo=TzInfo(UTC)), end_date=None, state=<TaskInstanceState.RUNNING: 'running'>, is_mapped=False, rendered_map_index=None)","logger":"task"}
