{"timestamp":"2025-11-05T08:38:54.558059","level":"info","event":"DAG bundles loaded: dags-folder","logger":"airflow.dag_processing.bundles.manager.DagBundlesManager"}
{"timestamp":"2025-11-05T08:38:54.559015","level":"info","event":"Filling up the DagBag from /opt/airflow/dags/IA_SIP_Ingest_Dag.py","logger":"airflow.models.dagbag.DagBag"}
{"timestamp":"2025-11-05T08:38:54.687660Z","level":"info","event":"[DEBUG] Running command: \"/opt/airflow/scripts/iashell/bin/iashell.sh\" script \"/opt/airflow/data/output/install-CreditCardStatementsArchive.iashell\"","chan":"stdout","logger":"task"}
{"timestamp":"2025-11-05T08:38:54.696076Z","level":"info","event":"[IAShell STDOUT] checking from IAShell script directly","chan":"stdout","logger":"task"}
{"timestamp":"2025-11-05T08:38:54.696594Z","level":"info","event":"[IAShell STDOUT] /opt/java/temurin-21","chan":"stdout","logger":"task"}
{"timestamp":"2025-11-05T08:38:54.696992Z","level":"info","event":"[IAShell STDOUT] /opt/maven/bin:/opt/java/temurin-21/bin:/root/bin:/home/airflow/.local/bin:/usr/local/bin:/usr/local/sbin:/usr/local/bin:/usr/sbin:/usr/bin:/sbin:/bin","chan":"stdout","logger":"task"}
{"timestamp":"2025-11-05T08:39:04.185124Z","level":"info","event":"[IAShell STDOUT] Welcome to OpenText Information Archive 25.2 command line client (c) OpenText Corporation","chan":"stdout","logger":"task"}
{"timestamp":"2025-11-05T08:39:04.189067Z","level":"info","event":"[IAShell STDOUT] Type 'help' for a list of commands and options, type 'exit' to leave the shell.","chan":"stdout","logger":"task"}
{"timestamp":"2025-11-05T08:39:04.190175Z","level":"info","event":"[IAShell STDOUT]","chan":"stdout","logger":"task"}
{"timestamp":"2025-11-05T08:39:48.021524Z","level":"info","event":"[IAShell STDOUT] Connected to \"http://10.73.91.23:8080/restapi/services\" as sue@iacustomer.com","chan":"stdout","logger":"task"}
{"timestamp":"2025-11-05T08:39:49.447733Z","level":"info","event":"[IAShell STDOUT] Start Ingest at [2025-11-05 08:39:48]","chan":"stdout","logger":"task"}
{"timestamp":"2025-11-05T08:39:49.458989Z","level":"info","event":"[IAShell STDOUT]   Uploading file through gateway: /opt/airflow/data/sipzips/creditcardholding_0-29ee97e1-b8af-4eeb-8c1a-5f33b7ed3a25.zip with size 38.03 KB.","chan":"stdout","logger":"task"}
{"timestamp":"2025-11-05T08:39:58.455993Z","level":"info","event":"[IAShell STDOUT]   [2025-11-05 08:39:58] Uploaded 38.03 KB.   Ingested 'creditcardholding_0-29ee97e1-b8af-4eeb-8c1a-5f33b7ed3a25.zip'. AIP id is '034fbbc2-ccfe-4b77-ac67-a558b90fa678'. It took 9.8 seconds.","chan":"stdout","logger":"task"}
{"timestamp":"2025-11-05T08:39:58.459283Z","level":"info","event":"[IAShell STDOUT]   Uploading file through gateway: /opt/airflow/data/sipzips/creditcardholding_1-a23d1039-7beb-4d6e-910a-4cb91328b32b.zip with size 626.44 KB.","chan":"stdout","logger":"task"}
{"timestamp":"2025-11-05T08:41:58.813391Z","level":"info","event":"[IAShell STDOUT]   [2025-11-05 08:41:58] Uploaded 626.44 KB.   Ingested 'creditcardholding_1-a23d1039-7beb-4d6e-910a-4cb91328b32b.zip'. AIP id is 'c5e7873b-514f-42f0-8a23-002c24dd3ea4'. It took 2 minutes.","chan":"stdout","logger":"task"}
{"timestamp":"2025-11-05T08:41:58.841033Z","level":"info","event":"[IAShell STDOUT]   Uploading file through gateway: /opt/airflow/data/sipzips/creditcardholding_2-fa0dad9d-6f98-45f9-b345-dafdb1296551.zip with size 37.47 KB.","chan":"stdout","logger":"task"}
{"timestamp":"2025-11-05T08:42:00.809583Z","level":"info","event":"[IAShell STDOUT]   [2025-11-05 08:42:00] Uploaded 37.47 KB.   Ingested 'creditcardholding_2-fa0dad9d-6f98-45f9-b345-dafdb1296551.zip'. AIP id is 'e2c80b6b-5677-46c7-9a8e-fbe5a4f4080c'. It took 1.967 second.","chan":"stdout","logger":"task"}
{"timestamp":"2025-11-05T08:42:00.825464Z","level":"info","event":"[IAShell STDOUT]   Uploading file through gateway: /opt/airflow/data/sipzips/creditcardholding_3-6b1d1783-901d-48d8-b7c0-d8ba8e61ed4b.zip with size 17.50 KB.","chan":"stdout","logger":"task"}
{"timestamp":"2025-11-05T08:42:02.122576Z","level":"info","event":"[IAShell STDOUT]   [2025-11-05 08:42:02] Uploaded 17.50 KB.   Ingested 'creditcardholding_3-6b1d1783-901d-48d8-b7c0-d8ba8e61ed4b.zip'. AIP id is '99e15f03-0ad3-4fc5-ae85-0a16f1018bab'. It took 1.268 second.","chan":"stdout","logger":"task"}
{"timestamp":"2025-11-05T08:42:02.393318Z","level":"info","event":"[IAShell STDOUT]","chan":"stdout","logger":"task"}
{"timestamp":"2025-11-05T08:42:02.397576Z","level":"info","event":"[IAShell STDOUT]","chan":"stdout","logger":"task"}
{"timestamp":"2025-11-05T08:42:02.398569Z","level":"info","event":"[IAShell STDOUT]   Summary: 4/4 file(s) processed successfully.","chan":"stdout","logger":"task"}
{"timestamp":"2025-11-05T08:42:02.399162Z","level":"info","event":"[IAShell STDOUT] OK","chan":"stdout","logger":"task"}
{"timestamp":"2025-11-05T08:42:02.406554Z","level":"info","event":"[IAShell STDOUT] End Ingest at [2025-11-05 08:42:02]","chan":"stdout","logger":"task"}
{"timestamp":"2025-11-05T08:42:02.408123Z","level":"info","event":"[IAShell STDOUT] Ingest took 2 minutes 13 seconds","chan":"stdout","logger":"task"}
{"timestamp":"2025-11-05T08:42:02.408599Z","level":"info","event":"[IAShell STDOUT]","chan":"stdout","logger":"task"}
{"timestamp":"2025-11-05T08:42:02.719474","level":"info","event":"Done. Returned value was: IAShell completed successfully.","logger":"airflow.task.operators.airflow.providers.standard.decorators.python._PythonDecoratedOperator"}
{"timestamp":"2025-11-05T08:42:02.726442","level":"info","event":"Pushing xcom","ti":"RuntimeTaskInstance(id=UUID('019a532b-2f56-7ce2-ae7d-e092c3a61f90'), task_id='run_iashell', dag_id='IA_SIP_Ingest_Dag', run_id='manual__2025-11-05T08:38:50.410559+00:00', try_number=1, map_index=-1, hostname='c488275c2d21', context_carrier={}, task=<Task(_PythonDecoratedOperator): run_iashell>, bundle_instance=LocalDagBundle(name=dags-folder), max_tries=1, start_date=datetime.datetime(2025, 11, 5, 8, 38, 54, 216051, tzinfo=TzInfo(UTC)), end_date=None, state=<TaskInstanceState.RUNNING: 'running'>, is_mapped=False, rendered_map_index=None)","logger":"task"}
