{"timestamp":"2025-10-06T04:08:01.514240","level":"info","event":"DAG bundles loaded: dags-folder","logger":"airflow.dag_processing.bundles.manager.DagBundlesManager"}
{"timestamp":"2025-10-06T04:08:01.515472","level":"info","event":"Filling up the DagBag from /opt/airflow/dags/IA_SIP_Ingest_Dag.py","logger":"airflow.models.dagbag.DagBag"}
{"timestamp":"2025-10-06T04:08:01.704328Z","level":"info","event":"[DEBUG] Running command: \"/opt/airflow/scripts/iashell/bin/iashell.sh\" script \"/opt/airflow/data/output/install-CreditCardStatementsArchive.iashell\"","chan":"stdout","logger":"task"}
{"timestamp":"2025-10-06T04:11:51.239786Z","level":"info","event":"Output:","chan":"stdout","logger":"task"}
{"timestamp":"2025-10-06T04:11:51.241843Z","level":"info","event":" checking from IAShell script directly","chan":"stdout","logger":"task"}
{"timestamp":"2025-10-06T04:11:51.242473Z","level":"info","event":"/opt/java/temurin-21","chan":"stdout","logger":"task"}
{"timestamp":"2025-10-06T04:11:51.242933Z","level":"info","event":"/opt/maven/bin:/opt/java/temurin-21/bin:/root/bin:/home/airflow/.local/bin:/usr/local/bin:/usr/local/sbin:/usr/local/bin:/usr/sbin:/usr/bin:/sbin:/bin","chan":"stdout","logger":"task"}
{"timestamp":"2025-10-06T04:11:51.243544Z","level":"info","event":"Welcome to OpenText Information Archive 25.2 command line client (c) OpenText Corporation","chan":"stdout","logger":"task"}
{"timestamp":"2025-10-06T04:11:51.244069Z","level":"info","event":"Type 'help' for a list of commands and options, type 'exit' to leave the shell.","chan":"stdout","logger":"task"}
{"timestamp":"2025-10-06T04:11:51.247821Z","level":"info","event":"","chan":"stdout","logger":"task"}
{"timestamp":"2025-10-06T04:11:51.249167Z","level":"info","event":"Connected to \"http://10.73.91.23:8080/restapi/services\" as sue@iacustomer.com","chan":"stdout","logger":"task"}
{"timestamp":"2025-10-06T04:11:51.249903Z","level":"info","event":"Start Ingest at [2025-10-06 04:09:57]","chan":"stdout","logger":"task"}
{"timestamp":"2025-10-06T04:11:51.250770Z","level":"info","event":"  Uploading file through gateway: /opt/airflow/./data/sipzips/creditcardholding_0-4455eb0b-26eb-467f-bd8a-bd59336c2e48.zip with size 38.03 KB.","chan":"stdout","logger":"task"}
{"timestamp":"2025-10-06T04:11:51.251558Z","level":"info","event":"  [2025-10-06 04:10:05] Uploaded 38.03 KB.   Ingested 'creditcardholding_0-4455eb0b-26eb-467f-bd8a-bd59336c2e48.zip'. AIP id is '83f10e26-bc31-42f7-b1d4-6097faf9b00c'. It took 4.727 seconds.","chan":"stdout","logger":"task"}
{"timestamp":"2025-10-06T04:11:51.252473Z","level":"info","event":"  Uploading file through gateway: /opt/airflow/./data/sipzips/creditcardholding_1-ae093691-f65e-4859-8295-b370b100ea4b.zip with size 626.44 KB.","chan":"stdout","logger":"task"}
{"timestamp":"2025-10-06T04:11:51.258057Z","level":"info","event":"  [2025-10-06 04:11:47] Uploaded 626.44 KB.   Ingested 'creditcardholding_1-ae093691-f65e-4859-8295-b370b100ea4b.zip'. AIP id is 'c13bc976-49d2-4269-948d-f3b9bce9bac0'. It took 1 minute 41 seconds.","chan":"stdout","logger":"task"}
{"timestamp":"2025-10-06T04:11:51.259126Z","level":"info","event":"  Uploading file through gateway: /opt/airflow/./data/sipzips/creditcardholding_2-24400156-260a-454c-9d26-ec7a746ddfcc.zip with size 37.47 KB.","chan":"stdout","logger":"task"}
{"timestamp":"2025-10-06T04:11:51.259606Z","level":"info","event":"  [2025-10-06 04:11:48] Uploaded 37.47 KB.   Ingested 'creditcardholding_2-24400156-260a-454c-9d26-ec7a746ddfcc.zip'. AIP id is '3b3e290a-455c-4b04-b2db-be1e619564a6'. It took 1.558 second.","chan":"stdout","logger":"task"}
{"timestamp":"2025-10-06T04:11:51.259992Z","level":"info","event":"  Uploading file through gateway: /opt/airflow/./data/sipzips/creditcardholding_3-c073bea9-4216-4e21-95b0-fdf299e0a3f2.zip with size 17.50 KB.","chan":"stdout","logger":"task"}
{"timestamp":"2025-10-06T04:11:51.260381Z","level":"info","event":"  [2025-10-06 04:11:50] Uploaded 17.50 KB.   Ingested 'creditcardholding_3-c073bea9-4216-4e21-95b0-fdf299e0a3f2.zip'. AIP id is 'bdd2d9c0-4462-471a-be28-2d770e5231f9'. It took 1.108 second.","chan":"stdout","logger":"task"}
{"timestamp":"2025-10-06T04:11:51.260953Z","level":"info","event":"","chan":"stdout","logger":"task"}
{"timestamp":"2025-10-06T04:11:51.262845Z","level":"info","event":"","chan":"stdout","logger":"task"}
{"timestamp":"2025-10-06T04:11:51.263279Z","level":"info","event":"  Summary: 4/4 file(s) processed successfully.","chan":"stdout","logger":"task"}
{"timestamp":"2025-10-06T04:11:51.263706Z","level":"info","event":"OK","chan":"stdout","logger":"task"}
{"timestamp":"2025-10-06T04:11:51.264070Z","level":"info","event":"End Ingest at [2025-10-06 04:11:50]","chan":"stdout","logger":"task"}
{"timestamp":"2025-10-06T04:11:51.264447Z","level":"info","event":"Ingest took 1 minute 52 seconds","chan":"stdout","logger":"task"}
{"timestamp":"2025-10-06T04:11:51.264804Z","level":"info","event":"","chan":"stdout","logger":"task"}
{"timestamp":"2025-10-06T04:11:51.265196Z","level":"info","event":"","chan":"stdout","logger":"task"}
{"timestamp":"2025-10-06T04:11:51.265569Z","level":"info","event":"Errors:","chan":"stdout","logger":"task"}
{"timestamp":"2025-10-06T04:11:51.265940Z","level":"info","event":"","chan":"stdout","logger":"task"}
{"timestamp":"2025-10-06T04:11:51.238180","level":"info","event":"Done. Returned value was: checking from IAShell script directly\n/opt/java/temurin-21\n/opt/maven/bin:/opt/java/temurin-21/bin:/root/bin:/home/airflow/.local/bin:/usr/local/bin:/usr/local/sbin:/usr/local/bin:/usr/sbin:/usr/bin:/sbin:/bin\nWelcome to OpenText Information Archive 25.2 command line client (c) OpenText Corporation\nType 'help' for a list of commands and options, type 'exit' to leave the shell.\n\nConnected to \"http://10.73.91.23:8080/restapi/services\" as sue@iacustomer.com\nStart Ingest at [2025-10-06 04:09:57]\n  Uploading file through gateway: /opt/airflow/./data/sipzips/creditcardholding_0-4455eb0b-26eb-467f-bd8a-bd59336c2e48.zip with size 38.03 KB. \n  [2025-10-06 04:10:05] Uploaded 38.03 KB.   Ingested 'creditcardholding_0-4455eb0b-26eb-467f-bd8a-bd59336c2e48.zip'. AIP id is '83f10e26-bc31-42f7-b1d4-6097faf9b00c'. It took 4.727 seconds.\n  Uploading file through gateway: /opt/airflow/./data/sipzips/creditcardholding_1-ae093691-f65e-4859-8295-b370b100ea4b.zip with size 626.44 KB. \n  [2025-10-06 04:11:47] Uploaded 626.44 KB.   Ingested 'creditcardholding_1-ae093691-f65e-4859-8295-b370b100ea4b.zip'. AIP id is 'c13bc976-49d2-4269-948d-f3b9bce9bac0'. It took 1 minute 41 seconds.\n  Uploading file through gateway: /opt/airflow/./data/sipzips/creditcardholding_2-24400156-260a-454c-9d26-ec7a746ddfcc.zip with size 37.47 KB. \n  [2025-10-06 04:11:48] Uploaded 37.47 KB.   Ingested 'creditcardholding_2-24400156-260a-454c-9d26-ec7a746ddfcc.zip'. AIP id is '3b3e290a-455c-4b04-b2db-be1e619564a6'. It took 1.558 second.\n  Uploading file through gateway: /opt/airflow/./data/sipzips/creditcardholding_3-c073bea9-4216-4e21-95b0-fdf299e0a3f2.zip with size 17.50 KB. \n  [2025-10-06 04:11:50] Uploaded 17.50 KB.   Ingested 'creditcardholding_3-c073bea9-4216-4e21-95b0-fdf299e0a3f2.zip'. AIP id is 'bdd2d9c0-4462-471a-be28-2d770e5231f9'. It took 1.108 second.\n  \n  \n  Summary: 4/4 file(s) processed successfully.\nOK\nEnd Ingest at [2025-10-06 04:11:50]\nIngest took 1 minute 52 seconds\n\n","logger":"airflow.task.operators.airflow.providers.standard.decorators.python._PythonDecoratedOperator"}
{"timestamp":"2025-10-06T04:11:51.253387","level":"info","event":"Pushing xcom","ti":"RuntimeTaskInstance(id=UUID('0199b7b4-5827-7108-9de4-1b82b1b28940'), task_id='run_iashell', dag_id='IA_SIP_Ingest_Dag', run_id='manual_1759723673566', try_number=1, map_index=-1, hostname='c5f695e165db', context_carrier={}, task=<Task(_PythonDecoratedOperator): run_iashell>, bundle_instance=LocalDagBundle(name=dags-folder), max_tries=1, start_date=datetime.datetime(2025, 10, 6, 4, 7, 59, 776771, tzinfo=TzInfo(UTC)), end_date=None, state=<TaskInstanceState.RUNNING: 'running'>, is_mapped=False, rendered_map_index=None)","logger":"task"}
