{"timestamp":"2025-10-06T04:32:50.558760","level":"info","event":"DAG bundles loaded: dags-folder","logger":"airflow.dag_processing.bundles.manager.DagBundlesManager"}
{"timestamp":"2025-10-06T04:32:50.559518","level":"info","event":"Filling up the DagBag from /opt/airflow/dags/IA_Generate_Master_Sip.py","logger":"airflow.models.dagbag.DagBag"}
{"timestamp":"2025-10-06T04:32:50.682492Z","level":"info","event":"Attachments to add: {'transaction_CUST000034.pdf', 'transaction_CUST000045.pdf', 'transaction_CUST000007.pdf', 'transaction_CUST000021.pdf', 'transaction_CUST000014.pdf', 'transaction_CUST000049.pdf', 'transaction_CUST000016.pdf', 'transaction_CUST000036.pdf', 'transaction_CUST000025.pdf', 'transaction_CUST000003.pdf', 'transaction_CUST000029.pdf', 'transaction_CUST000015.pdf', 'transaction_CUST000035.pdf', 'transaction_CUST000002.pdf', 'transaction_CUST000008.pdf', 'transaction_CUST000001.pdf', 'transaction_CUST000006.pdf', 'transaction_CUST000042.pdf', 'transaction_CUST000024.pdf', 'transaction_CUST000026.pdf', 'transaction_CUST000043.pdf', 'transaction_CUST000044.pdf', 'transaction_CUST000030.pdf', 'transaction_CUST000005.pdf', 'transaction_CUST000033.pdf', 'transaction_CUST000009.pdf', 'transaction_CUST000020.pdf', 'transaction_CUST000017.pdf', 'transaction_CUST000040.pdf', 'transaction_CUST000027.pdf', 'transaction_CUST000037.pdf', 'transaction_CUST000013.pdf', 'transaction_CUST000022.pdf', 'transaction_CUST000047.pdf', 'transaction_CUST000039.pdf', 'transaction_CUST000023.pdf', 'transaction_CUST000046.pdf', 'transaction_CUST000004.pdf', 'transaction_CUST000019.pdf', 'transaction_CUST000018.pdf', 'transaction_CUST000038.pdf', 'transaction_CUST000012.pdf', 'transaction_CUST000031.pdf', 'transaction_CUST000011.pdf', 'transaction_CUST000032.pdf', 'transaction_CUST000028.pdf', 'transaction_CUST000048.pdf', 'transaction_CUST000050.pdf', 'transaction_CUST000041.pdf', 'transaction_CUST000010.pdf'}","chan":"stdout","logger":"task"}
{"timestamp":"2025-10-06T04:32:50.895859Z","level":"info","event":"[STUDY] Total records: 50","chan":"stdout","logger":"task"}
{"timestamp":"2025-10-06T04:32:50.896799Z","level":"info","event":"[STUDY] Total unique attachments: 50","chan":"stdout","logger":"task"}
{"timestamp":"2025-10-06T04:32:50.897595Z","level":"info","event":"[STUDY] Total attachment size: 626810 KB","chan":"stdout","logger":"task"}
{"timestamp":"2025-10-06T04:32:51.144025Z","level":"info","event":"[CLUSTER] Total SIPs to create: 4","chan":"stdout","logger":"task"}
{"timestamp":"2025-10-06T04:32:51.446298Z","level":"info","event":"[DEBUG] child_element value: Record","chan":"stdout","logger":"task"}
{"timestamp":"2025-10-06T04:32:51.460202Z","level":"info","event":"[DEBUG] Found 20 elements for tag 'Record' with search_tag './/ns:Record' and ns {'ns': 'urn:eas-samples:en:xsd:creditcardholding.1.0'}","chan":"stdout","logger":"task"}
{"timestamp":"2025-10-06T04:32:51.693346Z","level":"info","event":"✅ PDI XML validation result: True","chan":"stdout","logger":"task"}
{"timestamp":"2025-10-06T04:32:51.699845Z","level":"info","event":"Attachments to add: {'transaction_CUST000007.pdf', 'transaction_CUST000014.pdf', 'transaction_CUST000016.pdf', 'transaction_CUST000003.pdf', 'transaction_CUST000015.pdf', 'transaction_CUST000002.pdf', 'transaction_CUST000008.pdf', 'transaction_CUST000001.pdf', 'transaction_CUST000006.pdf', 'transaction_CUST000005.pdf', 'transaction_CUST000009.pdf', 'transaction_CUST000020.pdf', 'transaction_CUST000017.pdf', 'transaction_CUST000013.pdf', 'transaction_CUST000004.pdf', 'transaction_CUST000019.pdf', 'transaction_CUST000018.pdf', 'transaction_CUST000012.pdf', 'transaction_CUST000011.pdf', 'transaction_CUST000010.pdf'}","chan":"stdout","logger":"task"}
{"timestamp":"2025-10-06T04:32:51.718703Z","level":"info","event":"✅ XML written to ./data/output/sip_0_tmp/eas_sip.xml","chan":"stdout","logger":"task"}
{"timestamp":"2025-10-06T04:32:52.684378Z","level":"info","event":"✅ SIP ZIP created: ./data/sipzips/creditcardholding_0-d582720b-cd3a-4194-b359-12d0d5680c4a.zip (0.06 MB)","chan":"stdout","logger":"task"}
{"timestamp":"2025-10-06T04:32:52.693686Z","level":"info","event":"[CLUSTER] SIP 0 size: 37 KB, records: 20","chan":"stdout","logger":"task"}
{"timestamp":"2025-10-06T04:33:04.416214Z","level":"info","event":"[DEBUG] child_element value: Record","chan":"stdout","logger":"task"}
{"timestamp":"2025-10-06T04:33:04.507403Z","level":"info","event":"[DEBUG] Found 1 elements for tag 'Record' with search_tag './/ns:Record' and ns {'ns': 'urn:eas-samples:en:xsd:creditcardholding.1.0'}","chan":"stdout","logger":"task"}
{"timestamp":"2025-10-06T04:33:04.542371Z","level":"info","event":"✅ PDI XML validation result: True","chan":"stdout","logger":"task"}
{"timestamp":"2025-10-06T04:33:04.543954Z","level":"info","event":"Attachments to add: {'transaction_CUST000021.pdf'}","chan":"stdout","logger":"task"}
{"timestamp":"2025-10-06T04:33:04.559165Z","level":"info","event":"✅ XML written to ./data/output/sip_1_tmp/eas_sip.xml","chan":"stdout","logger":"task"}
{"timestamp":"2025-10-06T04:34:08.980673Z","level":"info","event":"✅ SIP ZIP created: ./data/sipzips/creditcardholding_1-d922e532-aa33-4597-a9f3-5762d5a44789.zip (612.00 MB)","chan":"stdout","logger":"task"}
{"timestamp":"2025-10-06T04:34:09.014232Z","level":"info","event":"[CLUSTER] SIP 1 size: 611 KB, records: 1","chan":"stdout","logger":"task"}
{"timestamp":"2025-10-06T04:34:09.571561Z","level":"info","event":"[DEBUG] child_element value: Record","chan":"stdout","logger":"task"}
{"timestamp":"2025-10-06T04:34:09.579299Z","level":"info","event":"[DEBUG] Found 20 elements for tag 'Record' with search_tag './/ns:Record' and ns {'ns': 'urn:eas-samples:en:xsd:creditcardholding.1.0'}","chan":"stdout","logger":"task"}
{"timestamp":"2025-10-06T04:34:09.610063Z","level":"info","event":"✅ PDI XML validation result: True","chan":"stdout","logger":"task"}
{"timestamp":"2025-10-06T04:34:09.610679Z","level":"info","event":"Attachments to add: {'transaction_CUST000034.pdf', 'transaction_CUST000036.pdf', 'transaction_CUST000025.pdf', 'transaction_CUST000029.pdf', 'transaction_CUST000035.pdf', 'transaction_CUST000024.pdf', 'transaction_CUST000026.pdf', 'transaction_CUST000030.pdf', 'transaction_CUST000033.pdf', 'transaction_CUST000040.pdf', 'transaction_CUST000027.pdf', 'transaction_CUST000037.pdf', 'transaction_CUST000022.pdf', 'transaction_CUST000039.pdf', 'transaction_CUST000023.pdf', 'transaction_CUST000038.pdf', 'transaction_CUST000031.pdf', 'transaction_CUST000032.pdf', 'transaction_CUST000028.pdf', 'transaction_CUST000041.pdf'}","chan":"stdout","logger":"task"}
{"timestamp":"2025-10-06T04:34:09.623871Z","level":"info","event":"✅ XML written to ./data/output/sip_2_tmp/eas_sip.xml","chan":"stdout","logger":"task"}
{"timestamp":"2025-10-06T04:34:09.971401Z","level":"info","event":"✅ SIP ZIP created: ./data/sipzips/creditcardholding_2-d3435288-8cd3-456f-b905-0e7a5c90a8e6.zip (0.06 MB)","chan":"stdout","logger":"task"}
{"timestamp":"2025-10-06T04:34:09.975557Z","level":"info","event":"[CLUSTER] SIP 2 size: 36 KB, records: 20","chan":"stdout","logger":"task"}
{"timestamp":"2025-10-06T04:34:10.115836Z","level":"info","event":"[DEBUG] child_element value: Record","chan":"stdout","logger":"task"}
{"timestamp":"2025-10-06T04:34:10.122723Z","level":"info","event":"[DEBUG] Found 9 elements for tag 'Record' with search_tag './/ns:Record' and ns {'ns': 'urn:eas-samples:en:xsd:creditcardholding.1.0'}","chan":"stdout","logger":"task"}
{"timestamp":"2025-10-06T04:34:10.156905Z","level":"info","event":"✅ PDI XML validation result: True","chan":"stdout","logger":"task"}
{"timestamp":"2025-10-06T04:34:10.157575Z","level":"info","event":"Attachments to add: {'transaction_CUST000050.pdf', 'transaction_CUST000046.pdf', 'transaction_CUST000045.pdf', 'transaction_CUST000043.pdf', 'transaction_CUST000048.pdf', 'transaction_CUST000049.pdf', 'transaction_CUST000047.pdf', 'transaction_CUST000042.pdf', 'transaction_CUST000044.pdf'}","chan":"stdout","logger":"task"}
{"timestamp":"2025-10-06T04:34:10.172878Z","level":"info","event":"✅ XML written to ./data/output/sip_3_tmp/eas_sip.xml","chan":"stdout","logger":"task"}
{"timestamp":"2025-10-06T04:34:10.352152Z","level":"info","event":"✅ SIP ZIP created: ./data/sipzips/creditcardholding_3-37dc9b14-d35c-4c82-89f0-07b2ed639bf2.zip (0.03 MB)","chan":"stdout","logger":"task"}
{"timestamp":"2025-10-06T04:34:10.362734Z","level":"info","event":"[CLUSTER] SIP 3 size: 17 KB, records: 9","chan":"stdout","logger":"task"}
{"timestamp":"2025-10-06T04:34:10.384771","level":"info","event":"Done. Returned value was: ['./data/sipzips/creditcardholding_0-d582720b-cd3a-4194-b359-12d0d5680c4a.zip', './data/sipzips/creditcardholding_1-d922e532-aa33-4597-a9f3-5762d5a44789.zip', './data/sipzips/creditcardholding_2-d3435288-8cd3-456f-b905-0e7a5c90a8e6.zip', './data/sipzips/creditcardholding_3-37dc9b14-d35c-4c82-89f0-07b2ed639bf2.zip']","logger":"airflow.task.operators.airflow.providers.standard.decorators.python._PythonDecoratedOperator"}
{"timestamp":"2025-10-06T04:34:10.388178","level":"info","event":"Pushing xcom","ti":"RuntimeTaskInstance(id=UUID('0199b7cb-1f56-7a76-a871-4c7bba827fa5'), task_id='package_sips', dag_id='IA_Generate_Master_Sip', run_id='manual_1759725166234', try_number=1, map_index=-1, hostname='c5f695e165db', context_carrier={}, task=<Task(_PythonDecoratedOperator): package_sips>, bundle_instance=LocalDagBundle(name=dags-folder), max_tries=0, start_date=datetime.datetime(2025, 10, 6, 4, 32, 49, 917980, tzinfo=TzInfo(UTC)), end_date=None, state=<TaskInstanceState.RUNNING: 'running'>, is_mapped=False, rendered_map_index=None)","logger":"task"}
