{"timestamp":"2025-09-30T06:53:01.553388","level":"info","event":"DAG bundles loaded: dags-folder","logger":"airflow.dag_processing.bundles.manager.DagBundlesManager"}
{"timestamp":"2025-09-30T06:53:01.554411","level":"info","event":"Filling up the DagBag from /opt/airflow/dags/IA_Generate_Master_Sip.py","logger":"airflow.models.dagbag.DagBag"}
{"timestamp":"2025-09-30T06:53:01.801132Z","level":"info","event":"Attachments to add: {'transaction_CUST000098.pdf', 'transaction_CUST000090.pdf', 'transaction_CUST000048.pdf', 'transaction_CUST000002.pdf', 'transaction_CUST000044.pdf', 'transaction_CUST000054.pdf', 'transaction_CUST000017.pdf', 'transaction_CUST000001.pdf', 'transaction_CUST000033.pdf', 'transaction_CUST000041.pdf', 'transaction_CUST000026.pdf', 'transaction_CUST000059.pdf', 'transaction_CUST000069.pdf', 'transaction_CUST000046.pdf', 'transaction_CUST000025.pdf', 'transaction_CUST000052.pdf', 'transaction_CUST000003.pdf', 'transaction_CUST000042.pdf', 'transaction_CUST000045.pdf', 'transaction_CUST000055.pdf', 'transaction_CUST000015.pdf', 'transaction_CUST000096.pdf', 'transaction_CUST000028.pdf', 'transaction_CUST000050.pdf', 'transaction_CUST000013.pdf', 'transaction_CUST000011.pdf', 'transaction_CUST000065.pdf', 'transaction_CUST000074.pdf', 'transaction_CUST000061.pdf', 'transaction_CUST000100.pdf', 'transaction_CUST000073.pdf', 'transaction_CUST000030.pdf', 'transaction_CUST000023.pdf', 'transaction_CUST000036.pdf', 'transaction_CUST000092.pdf', 'transaction_CUST000093.pdf', 'transaction_CUST000097.pdf', 'transaction_CUST000034.pdf', 'transaction_CUST000032.pdf', 'transaction_CUST000057.pdf', 'transaction_CUST000049.pdf', 'transaction_CUST000021.pdf', 'transaction_CUST000095.pdf', 'transaction_CUST000058.pdf', 'transaction_CUST000081.pdf', 'transaction_CUST000088.pdf', 'transaction_CUST000016.pdf', 'transaction_CUST000078.pdf', 'transaction_CUST000089.pdf', 'transaction_CUST000039.pdf', 'transaction_CUST000040.pdf', 'transaction_CUST000080.pdf', 'transaction_CUST000094.pdf', 'transaction_CUST000035.pdf', 'transaction_CUST000031.pdf', 'transaction_CUST000087.pdf', 'transaction_CUST000084.pdf', 'transaction_CUST000071.pdf', 'transaction_CUST000018.pdf', 'transaction_CUST000009.pdf', 'transaction_CUST000079.pdf', 'transaction_CUST000053.pdf', 'transaction_CUST000022.pdf', 'transaction_CUST000083.pdf', 'transaction_CUST000062.pdf', 'transaction_CUST000056.pdf', 'transaction_CUST000060.pdf', 'transaction_CUST000076.pdf', 'transaction_CUST000099.pdf', 'transaction_CUST000077.pdf', 'transaction_CUST000005.pdf', 'transaction_CUST000067.pdf', 'transaction_CUST000082.pdf', 'transaction_CUST000010.pdf', 'transaction_CUST000051.pdf', 'transaction_CUST000004.pdf', 'transaction_CUST000091.pdf', 'transaction_CUST000037.pdf', 'transaction_CUST000063.pdf', 'transaction_CUST000068.pdf', 'transaction_CUST000029.pdf', 'transaction_CUST000072.pdf', 'transaction_CUST000020.pdf', 'transaction_CUST000043.pdf', 'transaction_CUST000064.pdf', 'transaction_CUST000024.pdf', 'transaction_CUST000085.pdf', 'transaction_CUST000027.pdf', 'transaction_CUST000070.pdf', 'transaction_CUST000066.pdf', 'transaction_CUST000075.pdf', 'transaction_CUST000047.pdf', 'transaction_CUST000019.pdf', 'transaction_CUST000014.pdf', 'transaction_CUST000008.pdf', 'transaction_CUST000038.pdf', 'transaction_CUST000007.pdf', 'transaction_CUST000012.pdf', 'transaction_CUST000006.pdf', 'transaction_CUST000086.pdf'}","chan":"stdout","logger":"task"}
{"timestamp":"2025-09-30T06:53:02.238931Z","level":"info","event":"[STUDY] Total records: 100","chan":"stdout","logger":"task"}
{"timestamp":"2025-09-30T06:53:02.239666Z","level":"info","event":"[STUDY] Total unique attachments: 100","chan":"stdout","logger":"task"}
{"timestamp":"2025-09-30T06:53:02.240353Z","level":"info","event":"[STUDY] Total attachment size: 2506986 KB","chan":"stdout","logger":"task"}
{"timestamp":"2025-09-30T06:53:02.553976Z","level":"info","event":"[CLUSTER] Total SIPs to create: 12","chan":"stdout","logger":"task"}
{"timestamp":"2025-09-30T06:53:02.585425Z","level":"info","event":"[DEBUG] child_element value: Record","chan":"stdout","logger":"task"}
{"timestamp":"2025-09-30T06:53:02.598386Z","level":"info","event":"[DEBUG] Found 2 elements for tag 'Record' with search_tag './/ns:Record' and ns {'ns': 'urn:eas-samples:en:xsd:creditcardholding.1.0'}","chan":"stdout","logger":"task"}
{"timestamp":"2025-09-30T06:53:02.717934Z","level":"info","event":"✅ PDI XML validation result: True","chan":"stdout","logger":"task"}
{"timestamp":"2025-09-30T06:53:02.718700Z","level":"info","event":"Attachments to add: {'transaction_CUST000001.pdf', 'transaction_CUST000002.pdf'}","chan":"stdout","logger":"task"}
{"timestamp":"2025-09-30T06:53:02.744513Z","level":"info","event":"✅ XML written to ./data/output/sip_0_tmp/eas_sip.xml","chan":"stdout","logger":"task"}
{"timestamp":"2025-09-30T06:53:02.837696Z","level":"info","event":"✅ SIP ZIP created: ./data/sipzips/creditcardholding_0-9760fd72-d71c-4f71-857a-e91af49c9efb.zip (0.01 MB)","chan":"stdout","logger":"task"}
{"timestamp":"2025-09-30T06:53:02.843337Z","level":"info","event":"[CLUSTER] SIP 0 size: 4 KB, records: 2","chan":"stdout","logger":"task"}
{"timestamp":"2025-09-30T06:53:27.663909Z","level":"info","event":"[DEBUG] child_element value: Record","chan":"stdout","logger":"task"}
{"timestamp":"2025-09-30T06:53:27.705784Z","level":"info","event":"[DEBUG] Found 1 elements for tag 'Record' with search_tag './/ns:Record' and ns {'ns': 'urn:eas-samples:en:xsd:creditcardholding.1.0'}","chan":"stdout","logger":"task"}
{"timestamp":"2025-09-30T06:53:27.779331Z","level":"info","event":"✅ PDI XML validation result: True","chan":"stdout","logger":"task"}
{"timestamp":"2025-09-30T06:53:27.792251Z","level":"info","event":"Attachments to add: {'transaction_CUST000003.pdf'}","chan":"stdout","logger":"task"}
{"timestamp":"2025-09-30T06:53:27.799736Z","level":"info","event":"✅ XML written to ./data/output/sip_1_tmp/eas_sip.xml","chan":"stdout","logger":"task"}
{"timestamp":"2025-09-30T06:54:36.938032Z","level":"info","event":"✅ SIP ZIP created: ./data/sipzips/creditcardholding_1-d40750ee-d4d0-4037-b343-0b5648347909.zip (612.00 MB)","chan":"stdout","logger":"task"}
{"timestamp":"2025-09-30T06:54:36.944532Z","level":"info","event":"[CLUSTER] SIP 1 size: 611 KB, records: 1","chan":"stdout","logger":"task"}
{"timestamp":"2025-09-30T06:54:37.206487Z","level":"info","event":"[DEBUG] child_element value: Record","chan":"stdout","logger":"task"}
{"timestamp":"2025-09-30T06:54:37.212209Z","level":"info","event":"[DEBUG] Found 14 elements for tag 'Record' with search_tag './/ns:Record' and ns {'ns': 'urn:eas-samples:en:xsd:creditcardholding.1.0'}","chan":"stdout","logger":"task"}
{"timestamp":"2025-09-30T06:54:37.261751Z","level":"info","event":"✅ PDI XML validation result: True","chan":"stdout","logger":"task"}
{"timestamp":"2025-09-30T06:54:37.262854Z","level":"info","event":"Attachments to add: {'transaction_CUST000011.pdf', 'transaction_CUST000010.pdf', 'transaction_CUST000005.pdf', 'transaction_CUST000008.pdf', 'transaction_CUST000007.pdf', 'transaction_CUST000012.pdf', 'transaction_CUST000017.pdf', 'transaction_CUST000015.pdf', 'transaction_CUST000006.pdf', 'transaction_CUST000009.pdf', 'transaction_CUST000013.pdf', 'transaction_CUST000016.pdf', 'transaction_CUST000004.pdf', 'transaction_CUST000014.pdf'}","chan":"stdout","logger":"task"}
{"timestamp":"2025-09-30T06:54:37.280497Z","level":"info","event":"✅ XML written to ./data/output/sip_2_tmp/eas_sip.xml","chan":"stdout","logger":"task"}
{"timestamp":"2025-09-30T06:54:37.733255Z","level":"info","event":"✅ SIP ZIP created: ./data/sipzips/creditcardholding_2-fe87bee0-ab1c-449b-8c09-21651beea2db.zip (0.04 MB)","chan":"stdout","logger":"task"}
{"timestamp":"2025-09-30T06:54:37.739806Z","level":"info","event":"[CLUSTER] SIP 2 size: 25 KB, records: 14","chan":"stdout","logger":"task"}
{"timestamp":"2025-09-30T06:54:53.533825Z","level":"info","event":"[DEBUG] child_element value: Record","chan":"stdout","logger":"task"}
{"timestamp":"2025-09-30T06:54:53.544121Z","level":"info","event":"[DEBUG] Found 1 elements for tag 'Record' with search_tag './/ns:Record' and ns {'ns': 'urn:eas-samples:en:xsd:creditcardholding.1.0'}","chan":"stdout","logger":"task"}
{"timestamp":"2025-09-30T06:54:53.576460Z","level":"info","event":"✅ PDI XML validation result: True","chan":"stdout","logger":"task"}
{"timestamp":"2025-09-30T06:54:53.577064Z","level":"info","event":"Attachments to add: {'transaction_CUST000018.pdf'}","chan":"stdout","logger":"task"}
{"timestamp":"2025-09-30T06:54:53.590957Z","level":"info","event":"✅ XML written to ./data/output/sip_3_tmp/eas_sip.xml","chan":"stdout","logger":"task"}
{"timestamp":"2025-09-30T06:56:13.824115Z","level":"info","event":"✅ SIP ZIP created: ./data/sipzips/creditcardholding_3-a77b5e3d-440d-48ec-bad5-8bbf284ffaee.zip (612.00 MB)","chan":"stdout","logger":"task"}
{"timestamp":"2025-09-30T06:56:13.842125Z","level":"info","event":"[CLUSTER] SIP 3 size: 612 KB, records: 1","chan":"stdout","logger":"task"}
{"timestamp":"2025-09-30T06:56:15.071415Z","level":"info","event":"[DEBUG] child_element value: Record","chan":"stdout","logger":"task"}
{"timestamp":"2025-09-30T06:56:15.088312Z","level":"info","event":"[DEBUG] Found 20 elements for tag 'Record' with search_tag './/ns:Record' and ns {'ns': 'urn:eas-samples:en:xsd:creditcardholding.1.0'}","chan":"stdout","logger":"task"}
{"timestamp":"2025-09-30T06:56:15.137545Z","level":"info","event":"✅ PDI XML validation result: True","chan":"stdout","logger":"task"}
{"timestamp":"2025-09-30T06:56:15.141800Z","level":"info","event":"Attachments to add: {'transaction_CUST000030.pdf', 'transaction_CUST000037.pdf', 'transaction_CUST000023.pdf', 'transaction_CUST000035.pdf', 'transaction_CUST000036.pdf', 'transaction_CUST000031.pdf', 'transaction_CUST000029.pdf', 'transaction_CUST000020.pdf', 'transaction_CUST000033.pdf', 'transaction_CUST000024.pdf', 'transaction_CUST000026.pdf', 'transaction_CUST000034.pdf', 'transaction_CUST000027.pdf', 'transaction_CUST000022.pdf', 'transaction_CUST000032.pdf', 'transaction_CUST000025.pdf', 'transaction_CUST000021.pdf', 'transaction_CUST000019.pdf', 'transaction_CUST000038.pdf', 'transaction_CUST000028.pdf'}","chan":"stdout","logger":"task"}
{"timestamp":"2025-09-30T06:56:15.152777Z","level":"info","event":"✅ XML written to ./data/output/sip_4_tmp/eas_sip.xml","chan":"stdout","logger":"task"}
{"timestamp":"2025-09-30T06:56:15.927485Z","level":"info","event":"✅ SIP ZIP created: ./data/sipzips/creditcardholding_4-fc8e533b-6a3d-4f60-a5c6-39d9dfbf4389.zip (0.06 MB)","chan":"stdout","logger":"task"}
{"timestamp":"2025-09-30T06:56:16.030457Z","level":"info","event":"[CLUSTER] SIP 4 size: 36 KB, records: 20","chan":"stdout","logger":"task"}
{"timestamp":"2025-09-30T06:56:16.232437Z","level":"info","event":"[DEBUG] child_element value: Record","chan":"stdout","logger":"task"}
{"timestamp":"2025-09-30T06:56:16.239025Z","level":"info","event":"[DEBUG] Found 20 elements for tag 'Record' with search_tag './/ns:Record' and ns {'ns': 'urn:eas-samples:en:xsd:creditcardholding.1.0'}","chan":"stdout","logger":"task"}
{"timestamp":"2025-09-30T06:56:16.296512Z","level":"info","event":"✅ PDI XML validation result: True","chan":"stdout","logger":"task"}
{"timestamp":"2025-09-30T06:56:16.297016Z","level":"info","event":"Attachments to add: {'transaction_CUST000051.pdf', 'transaction_CUST000048.pdf', 'transaction_CUST000040.pdf', 'transaction_CUST000039.pdf', 'transaction_CUST000054.pdf', 'transaction_CUST000044.pdf', 'transaction_CUST000043.pdf', 'transaction_CUST000041.pdf', 'transaction_CUST000053.pdf', 'transaction_CUST000056.pdf', 'transaction_CUST000046.pdf', 'transaction_CUST000052.pdf', 'transaction_CUST000057.pdf', 'transaction_CUST000047.pdf', 'transaction_CUST000049.pdf', 'transaction_CUST000042.pdf', 'transaction_CUST000045.pdf', 'transaction_CUST000058.pdf', 'transaction_CUST000055.pdf', 'transaction_CUST000050.pdf'}","chan":"stdout","logger":"task"}
{"timestamp":"2025-09-30T06:56:16.306852Z","level":"info","event":"✅ XML written to ./data/output/sip_5_tmp/eas_sip.xml","chan":"stdout","logger":"task"}
{"timestamp":"2025-09-30T06:56:16.949610Z","level":"info","event":"✅ SIP ZIP created: ./data/sipzips/creditcardholding_5-784d2e47-f849-4990-b8a2-b378946d2bf4.zip (0.06 MB)","chan":"stdout","logger":"task"}
{"timestamp":"2025-09-30T06:56:16.953740Z","level":"info","event":"[CLUSTER] SIP 5 size: 35 KB, records: 20","chan":"stdout","logger":"task"}
{"timestamp":"2025-09-30T06:56:17.834794Z","level":"info","event":"[DEBUG] child_element value: Record","chan":"stdout","logger":"task"}
{"timestamp":"2025-09-30T06:56:17.843116Z","level":"info","event":"[DEBUG] Found 20 elements for tag 'Record' with search_tag './/ns:Record' and ns {'ns': 'urn:eas-samples:en:xsd:creditcardholding.1.0'}","chan":"stdout","logger":"task"}
{"timestamp":"2025-09-30T06:56:17.886455Z","level":"info","event":"✅ PDI XML validation result: True","chan":"stdout","logger":"task"}
{"timestamp":"2025-09-30T06:56:17.889538Z","level":"info","event":"Attachments to add: {'transaction_CUST000078.pdf', 'transaction_CUST000065.pdf', 'transaction_CUST000074.pdf', 'transaction_CUST000061.pdf', 'transaction_CUST000073.pdf', 'transaction_CUST000063.pdf', 'transaction_CUST000068.pdf', 'transaction_CUST000072.pdf', 'transaction_CUST000071.pdf', 'transaction_CUST000064.pdf', 'transaction_CUST000059.pdf', 'transaction_CUST000069.pdf', 'transaction_CUST000070.pdf', 'transaction_CUST000062.pdf', 'transaction_CUST000066.pdf', 'transaction_CUST000060.pdf', 'transaction_CUST000076.pdf', 'transaction_CUST000075.pdf', 'transaction_CUST000077.pdf', 'transaction_CUST000067.pdf'}","chan":"stdout","logger":"task"}
{"timestamp":"2025-09-30T06:56:17.904835Z","level":"info","event":"✅ XML written to ./data/output/sip_6_tmp/eas_sip.xml","chan":"stdout","logger":"task"}
{"timestamp":"2025-09-30T06:56:18.341489Z","level":"info","event":"✅ SIP ZIP created: ./data/sipzips/creditcardholding_6-e55ff36c-b169-4b89-a298-991b57b504c8.zip (0.06 MB)","chan":"stdout","logger":"task"}
{"timestamp":"2025-09-30T06:56:18.345500Z","level":"info","event":"[CLUSTER] SIP 6 size: 35 KB, records: 20","chan":"stdout","logger":"task"}
{"timestamp":"2025-09-30T06:56:18.506205Z","level":"info","event":"[DEBUG] child_element value: Record","chan":"stdout","logger":"task"}
{"timestamp":"2025-09-30T06:56:18.517656Z","level":"info","event":"[DEBUG] Found 9 elements for tag 'Record' with search_tag './/ns:Record' and ns {'ns': 'urn:eas-samples:en:xsd:creditcardholding.1.0'}","chan":"stdout","logger":"task"}
{"timestamp":"2025-09-30T06:56:18.549440Z","level":"info","event":"✅ PDI XML validation result: True","chan":"stdout","logger":"task"}
{"timestamp":"2025-09-30T06:56:18.553847Z","level":"info","event":"Attachments to add: {'transaction_CUST000083.pdf', 'transaction_CUST000081.pdf', 'transaction_CUST000087.pdf', 'transaction_CUST000084.pdf', 'transaction_CUST000086.pdf', 'transaction_CUST000080.pdf', 'transaction_CUST000085.pdf', 'transaction_CUST000079.pdf', 'transaction_CUST000082.pdf'}","chan":"stdout","logger":"task"}
{"timestamp":"2025-09-30T06:56:18.595651Z","level":"info","event":"✅ XML written to ./data/output/sip_7_tmp/eas_sip.xml","chan":"stdout","logger":"task"}
{"timestamp":"2025-09-30T06:56:18.901552Z","level":"info","event":"✅ SIP ZIP created: ./data/sipzips/creditcardholding_7-c1c062f5-95f9-4bed-91c6-e25137a200e8.zip (0.03 MB)","chan":"stdout","logger":"task"}
{"timestamp":"2025-09-30T06:56:18.904342Z","level":"info","event":"[CLUSTER] SIP 7 size: 16 KB, records: 9","chan":"stdout","logger":"task"}
{"timestamp":"2025-09-30T06:56:38.493584Z","level":"info","event":"[DEBUG] child_element value: Record","chan":"stdout","logger":"task"}
{"timestamp":"2025-09-30T06:56:38.495830Z","level":"info","event":"[DEBUG] Found 1 elements for tag 'Record' with search_tag './/ns:Record' and ns {'ns': 'urn:eas-samples:en:xsd:creditcardholding.1.0'}","chan":"stdout","logger":"task"}
{"timestamp":"2025-09-30T06:56:38.529026Z","level":"info","event":"✅ PDI XML validation result: True","chan":"stdout","logger":"task"}
{"timestamp":"2025-09-30T06:56:38.530454Z","level":"info","event":"Attachments to add: {'transaction_CUST000088.pdf'}","chan":"stdout","logger":"task"}
{"timestamp":"2025-09-30T06:56:38.553463Z","level":"info","event":"✅ XML written to ./data/output/sip_8_tmp/eas_sip.xml","chan":"stdout","logger":"task"}
{"timestamp":"2025-09-30T06:57:56.424339Z","level":"info","event":"✅ SIP ZIP created: ./data/sipzips/creditcardholding_8-8b244cfc-c6bb-4fd1-88b6-24294abd7d20.zip (612.00 MB)","chan":"stdout","logger":"task"}
{"timestamp":"2025-09-30T06:57:56.462528Z","level":"info","event":"[CLUSTER] SIP 8 size: 612 KB, records: 1","chan":"stdout","logger":"task"}
{"timestamp":"2025-09-30T06:57:56.577688Z","level":"info","event":"[DEBUG] child_element value: Record","chan":"stdout","logger":"task"}
{"timestamp":"2025-09-30T06:57:56.582903Z","level":"info","event":"[DEBUG] Found 4 elements for tag 'Record' with search_tag './/ns:Record' and ns {'ns': 'urn:eas-samples:en:xsd:creditcardholding.1.0'}","chan":"stdout","logger":"task"}
{"timestamp":"2025-09-30T06:57:56.628398Z","level":"info","event":"✅ PDI XML validation result: True","chan":"stdout","logger":"task"}
{"timestamp":"2025-09-30T06:57:56.629074Z","level":"info","event":"Attachments to add: {'transaction_CUST000092.pdf', 'transaction_CUST000090.pdf', 'transaction_CUST000091.pdf', 'transaction_CUST000089.pdf'}","chan":"stdout","logger":"task"}
{"timestamp":"2025-09-30T06:57:56.646272Z","level":"info","event":"✅ XML written to ./data/output/sip_9_tmp/eas_sip.xml","chan":"stdout","logger":"task"}
{"timestamp":"2025-09-30T06:57:56.793571Z","level":"info","event":"✅ SIP ZIP created: ./data/sipzips/creditcardholding_9-6fde55f2-a614-4cd3-8311-d352be1d99ea.zip (0.01 MB)","chan":"stdout","logger":"task"}
{"timestamp":"2025-09-30T06:57:56.822869Z","level":"info","event":"[CLUSTER] SIP 9 size: 7 KB, records: 4","chan":"stdout","logger":"task"}
{"timestamp":"2025-09-30T06:58:18.225437Z","level":"info","event":"[DEBUG] child_element value: Record","chan":"stdout","logger":"task"}
{"timestamp":"2025-09-30T06:58:18.230784Z","level":"info","event":"[DEBUG] Found 1 elements for tag 'Record' with search_tag './/ns:Record' and ns {'ns': 'urn:eas-samples:en:xsd:creditcardholding.1.0'}","chan":"stdout","logger":"task"}
{"timestamp":"2025-09-30T06:58:18.261430Z","level":"info","event":"✅ PDI XML validation result: True","chan":"stdout","logger":"task"}
{"timestamp":"2025-09-30T06:58:18.262443Z","level":"info","event":"Attachments to add: {'transaction_CUST000093.pdf'}","chan":"stdout","logger":"task"}
{"timestamp":"2025-09-30T06:58:18.277142Z","level":"info","event":"✅ XML written to ./data/output/sip_10_tmp/eas_sip.xml","chan":"stdout","logger":"task"}
{"timestamp":"2025-09-30T06:59:29.897496Z","level":"info","event":"✅ SIP ZIP created: ./data/sipzips/creditcardholding_10-97e1706e-abc4-4cd0-82b9-aaa9989b9b10.zip (612.00 MB)","chan":"stdout","logger":"task"}
{"timestamp":"2025-09-30T06:59:29.902848Z","level":"info","event":"[CLUSTER] SIP 10 size: 611 KB, records: 1","chan":"stdout","logger":"task"}
{"timestamp":"2025-09-30T06:59:30.008455Z","level":"info","event":"[DEBUG] child_element value: Record","chan":"stdout","logger":"task"}
{"timestamp":"2025-09-30T06:59:30.013592Z","level":"info","event":"[DEBUG] Found 7 elements for tag 'Record' with search_tag './/ns:Record' and ns {'ns': 'urn:eas-samples:en:xsd:creditcardholding.1.0'}","chan":"stdout","logger":"task"}
{"timestamp":"2025-09-30T06:59:30.052594Z","level":"info","event":"✅ PDI XML validation result: True","chan":"stdout","logger":"task"}
{"timestamp":"2025-09-30T06:59:30.058394Z","level":"info","event":"Attachments to add: {'transaction_CUST000097.pdf', 'transaction_CUST000098.pdf', 'transaction_CUST000099.pdf', 'transaction_CUST000100.pdf', 'transaction_CUST000096.pdf', 'transaction_CUST000094.pdf', 'transaction_CUST000095.pdf'}","chan":"stdout","logger":"task"}
{"timestamp":"2025-09-30T06:59:30.067710Z","level":"info","event":"✅ XML written to ./data/output/sip_11_tmp/eas_sip.xml","chan":"stdout","logger":"task"}
{"timestamp":"2025-09-30T06:59:30.188997Z","level":"info","event":"✅ SIP ZIP created: ./data/sipzips/creditcardholding_11-cebef333-da85-49f6-b73c-74de9681e5c3.zip (0.02 MB)","chan":"stdout","logger":"task"}
{"timestamp":"2025-09-30T06:59:30.191989Z","level":"info","event":"[CLUSTER] SIP 11 size: 12 KB, records: 7","chan":"stdout","logger":"task"}
{"timestamp":"2025-09-30T06:59:30.225412","level":"info","event":"Done. Returned value was: ['./data/sipzips/creditcardholding_0-9760fd72-d71c-4f71-857a-e91af49c9efb.zip', './data/sipzips/creditcardholding_1-d40750ee-d4d0-4037-b343-0b5648347909.zip', './data/sipzips/creditcardholding_2-fe87bee0-ab1c-449b-8c09-21651beea2db.zip', './data/sipzips/creditcardholding_3-a77b5e3d-440d-48ec-bad5-8bbf284ffaee.zip', './data/sipzips/creditcardholding_4-fc8e533b-6a3d-4f60-a5c6-39d9dfbf4389.zip', './data/sipzips/creditcardholding_5-784d2e47-f849-4990-b8a2-b378946d2bf4.zip', './data/sipzips/creditcardholding_6-e55ff36c-b169-4b89-a298-991b57b504c8.zip', './data/sipzips/creditcardholding_7-c1c062f5-95f9-4bed-91c6-e25137a200e8.zip', './data/sipzips/creditcardholding_8-8b244cfc-c6bb-4fd1-88b6-24294abd7d20.zip', './data/sipzips/creditcardholding_9-6fde55f2-a614-4cd3-8311-d352be1d99ea.zip', './data/sipzips/creditcardholding_10-97e1706e-abc4-4cd0-82b9-aaa9989b9b10.zip', './data/sipzips/creditcardholding_11-cebef333-da85-49f6-b73c-74de9681e5c3.zip']","logger":"airflow.task.operators.airflow.providers.standard.decorators.python._PythonDecoratedOperator"}
{"timestamp":"2025-09-30T06:59:30.228673","level":"info","event":"Pushing xcom","ti":"RuntimeTaskInstance(id=UUID('01999965-3286-7e44-ba4c-93cf962b8f65'), task_id='package_sips', dag_id='IA_Generate_Master_Sip', run_id='manual_1759215169974', try_number=1, map_index=-1, hostname='c5f695e165db', context_carrier={}, task=<Task(_PythonDecoratedOperator): package_sips>, bundle_instance=LocalDagBundle(name=dags-folder), max_tries=0, start_date=datetime.datetime(2025, 9, 30, 6, 53, 1, 39377, tzinfo=TzInfo(UTC)), end_date=None, state=<TaskInstanceState.RUNNING: 'running'>, is_mapped=False, rendered_map_index=None)","logger":"task"}
